
Optional file libmchp_peripheral.a not found

Optional file libmchp_peripheral_32MX320F128H.a not found
Archive member included to satisfy reference by file (symbol)

c:/program files/microchip/xc32/v3.01/bin/bin/../../lib/gcc/pic32mx/8.3.1\libgcc.a(floatunsisf.o)
                              build/default/production/_ext/1975241074/AD.o (__floatunsisf)
c:/program files/microchip/xc32/v3.01/bin/bin/../../lib/gcc/pic32mx/8.3.1/../../../../pic32mx/lib\libpic32.a(default-bootstrap-exception-handler.o)
                              C:\Users\bcvander\AppData\Local\Temp\ccRVfKlZ.o (_bootstrap_exception_handler)
c:/program files/microchip/xc32/v3.01/bin/bin/../../lib/gcc/pic32mx/8.3.1/../../../../pic32mx/lib\libpic32.a(default-on-reset.o)
                              C:\Users\bcvander\AppData\Local\Temp\ccRVfKlZ.o (_on_reset)
c:/program files/microchip/xc32/v3.01/bin/bin/../../lib/gcc/pic32mx/8.3.1/../../../../pic32mx/lib\libpic32.a(default-on-bootstrap.o)
                              C:\Users\bcvander\AppData\Local\Temp\ccRVfKlZ.o (_on_bootstrap)
c:/program files/microchip/xc32/v3.01/bin/bin/../../lib/gcc/pic32mx/8.3.1/../../../../pic32mx/lib\libpic32.a(default-nmi-handler.o)
                              C:\Users\bcvander\AppData\Local\Temp\ccRVfKlZ.o (_nmi_handler)
c:/program files/microchip/xc32/v3.01/bin/bin/../../lib/gcc/pic32mx/8.3.1/../../../../pic32mx/lib\libpic32.a(pic32_data_init.o)
                              C:\Users\bcvander\AppData\Local\Temp\ccRVfKlZ.o (__pic32_data_init)
c:/program files/microchip/xc32/v3.01/bin/bin/../../lib/gcc/pic32mx/8.3.1/../../../../pic32mx/lib\libpic32.a(general-exception.o)
                              C:\Users\bcvander\AppData\Local\Temp\ccRVfKlZ.o (_general_exception_context)
c:/program files/microchip/xc32/v3.01/bin/bin/../../lib/gcc/pic32mx/8.3.1/../../../../pic32mx/lib\libpic32.a(vector0.o)
                              C:\Users\bcvander\AppData\Local\Temp\ccxuDmCv.o (__vector_dispatch_0)
c:/program files/microchip/xc32/v3.01/bin/bin/../../lib/gcc/pic32mx/8.3.1/../../../../pic32mx/lib\libpic32.a(vector1.o)
                              C:\Users\bcvander\AppData\Local\Temp\ccxuDmCv.o (__vector_dispatch_1)
c:/program files/microchip/xc32/v3.01/bin/bin/../../lib/gcc/pic32mx/8.3.1/../../../../pic32mx/lib\libpic32.a(vector2.o)
                              C:\Users\bcvander\AppData\Local\Temp\ccxuDmCv.o (__vector_dispatch_2)
c:/program files/microchip/xc32/v3.01/bin/bin/../../lib/gcc/pic32mx/8.3.1/../../../../pic32mx/lib\libpic32.a(vector3.o)
                              C:\Users\bcvander\AppData\Local\Temp\ccxuDmCv.o (__vector_dispatch_3)
c:/program files/microchip/xc32/v3.01/bin/bin/../../lib/gcc/pic32mx/8.3.1/../../../../pic32mx/lib\libpic32.a(vector5.o)
                              C:\Users\bcvander\AppData\Local\Temp\ccxuDmCv.o (__vector_dispatch_5)
c:/program files/microchip/xc32/v3.01/bin/bin/../../lib/gcc/pic32mx/8.3.1/../../../../pic32mx/lib\libpic32.a(vector6.o)
                              C:\Users\bcvander\AppData\Local\Temp\ccxuDmCv.o (__vector_dispatch_6)
c:/program files/microchip/xc32/v3.01/bin/bin/../../lib/gcc/pic32mx/8.3.1/../../../../pic32mx/lib\libpic32.a(vector7.o)
                              C:\Users\bcvander\AppData\Local\Temp\ccxuDmCv.o (__vector_dispatch_7)
c:/program files/microchip/xc32/v3.01/bin/bin/../../lib/gcc/pic32mx/8.3.1/../../../../pic32mx/lib\libpic32.a(vector8.o)
                              C:\Users\bcvander\AppData\Local\Temp\ccxuDmCv.o (__vector_dispatch_8)
c:/program files/microchip/xc32/v3.01/bin/bin/../../lib/gcc/pic32mx/8.3.1/../../../../pic32mx/lib\libpic32.a(vector9.o)
                              C:\Users\bcvander\AppData\Local\Temp\ccxuDmCv.o (__vector_dispatch_9)
c:/program files/microchip/xc32/v3.01/bin/bin/../../lib/gcc/pic32mx/8.3.1/../../../../pic32mx/lib\libpic32.a(vector10.o)
                              C:\Users\bcvander\AppData\Local\Temp\ccxuDmCv.o (__vector_dispatch_10)
c:/program files/microchip/xc32/v3.01/bin/bin/../../lib/gcc/pic32mx/8.3.1/../../../../pic32mx/lib\libpic32.a(vector11.o)
                              C:\Users\bcvander\AppData\Local\Temp\ccxuDmCv.o (__vector_dispatch_11)
c:/program files/microchip/xc32/v3.01/bin/bin/../../lib/gcc/pic32mx/8.3.1/../../../../pic32mx/lib\libpic32.a(vector12.o)
                              C:\Users\bcvander\AppData\Local\Temp\ccxuDmCv.o (__vector_dispatch_12)
c:/program files/microchip/xc32/v3.01/bin/bin/../../lib/gcc/pic32mx/8.3.1/../../../../pic32mx/lib\libpic32.a(vector13.o)
                              C:\Users\bcvander\AppData\Local\Temp\ccxuDmCv.o (__vector_dispatch_13)
c:/program files/microchip/xc32/v3.01/bin/bin/../../lib/gcc/pic32mx/8.3.1/../../../../pic32mx/lib\libpic32.a(vector14.o)
                              C:\Users\bcvander\AppData\Local\Temp\ccxuDmCv.o (__vector_dispatch_14)
c:/program files/microchip/xc32/v3.01/bin/bin/../../lib/gcc/pic32mx/8.3.1/../../../../pic32mx/lib\libpic32.a(vector15.o)
[...]
Memory Configuration

Name             Origin             Length             Attributes
kseg0_program_mem 0x000000009d002000 0x000000000001d000 xr
kseg0_boot_mem   0x000000009d000490 0x0000000000000970
exception_mem    0x000000009d001000 0x0000000000001000
kseg1_boot_mem   0x00000000bd000000 0x0000000000000490
debug_exec_mem   0x00000000bfc02000 0x0000000000000ff0
config3          0x00000000bfc02ff0 0x0000000000000004
config2          0x00000000bfc02ff4 0x0000000000000004
config1          0x00000000bfc02ff8 0x0000000000000004
config0          0x00000000bfc02ffc 0x0000000000000004
kseg1_data_mem   0x00000000a0000000 0x0000000000004000 w !x
sfrs             0x00000000bf800000 0x0000000000100000
configsfrs       0x00000000bfc02ff0 0x0000000000000010
*default*        0x0000000000000000 0xffffffffffffffff

Linker script and memory map

LOAD c:/program files/microchip/xc32/v3.01/bin/bin/../../lib/gcc/pic32mx/8.3.1/../../../../pic32mx/lib\debug-exception-return.o
LOAD build/default/production/_ext/1975241074/AD.o
LOAD build/default/production/_ext/1975241074/BOARD.o
LOAD build/default/production/_ext/1975241074/serial.o
LOAD build/default/production/_ext/1975241074/ES_CheckEvents.o
LOAD build/default/production/_ext/1975241074/ES_Framework.o
LOAD build/default/production/_ext/1975241074/ES_KeyboardInput.o
LOAD build/default/production/_ext/1975241074/ES_PostList.o
LOAD build/default/production/_ext/1975241074/ES_Queue.o
LOAD build/default/production/_ext/1975241074/ES_TattleTale.o
LOAD build/default/production/_ext/1975241074/ES_Timers.o
LOAD build/default/production/_ext/1975241074/IO_Ports.o
LOAD build/default/production/_ext/1975241074/LED.o
LOAD build/default/production/_ext/1975241074/pwm.o
LOAD build/default/production/SimpleFunctionService.o
LOAD build/default/production/Beacon_Detector.o
LOAD build/default/production/Bumpers.o
LOAD build/default/production/Sense_EventChecker.o
LOAD build/default/production/Solenoid_Driver.o
LOAD build/default/production/Tape_Sensors.o
LOAD build/default/production/Track_Wire_Sensor.o
LOAD build/default/production/_ext/2062664799/EncoderService.o
LOAD build/default/production/_ext/2062664799/EncoderEventChecker.o
LOAD build/default/production/_ext/2062664799/Motor_Driver.o
LOAD build/default/production/TopHSM.o
LOAD build/default/production/Final_ES_Main.o
LOAD build/default/production/Bumpers_Gen_v1SubHSM.o
LOAD build/default/production/ActiveSearchSubHSM.o
LOAD build/default/production/FindTapeSubHSM.o
LOAD build/default/production/TowerScopeSubHSM.o
LOAD build/default/production/TowerSubHSM.o
LOAD build/default/production/TowerApproachSubHSM.o
LOAD build/default/production/CircleTowerSubHSM.o
LOAD build/default/production/CorrectSideFoundSubHSM.o
LOAD build/default/production/DeadBotAvoidSubHSM.o
LOAD build/default/production/CorrectHoleFoundSubHSM.o
                0x0000000000000001                __MPLAB_BUILD = 0x1
                0x0000000000000400                PROVIDE (_min_stack_size = 0x400)
START GROUP
LOAD libmchp_peripheral.a
END GROUP
START GROUP
LOAD libmchp_peripheral_32MX320F128H.a
END GROUP
                0x0000000000000001                PROVIDE (_vector_spacing = 0x1)
                0x000000009d001000                _ebase_address = 0x9d001000
                0x00000000bd000000                _RESET_ADDR = 0xbd000000
                0x00000000bd000380                _BEV_EXCPT_ADDR = 0xbd000380
                0x00000000bd000480                _DBG_EXCPT_ADDR = 0xbd000480
                0x00000000bfc02000                _DBG_CODE_ADDR = 0xbfc02000
                0x0000000000000ff0                _DBG_CODE_SIZE = 0xff0
                0x000000009d001180                _GEN_EXCPT_ADDR = (_ebase_address + 0x180)

.config_BFC02FF0
 *(.config_BFC02FF0)

.config_BFC02FF4
 *(.config_BFC02FF4)

.config_BFC02FF8
 *(.config_BFC02FF8)

.config_BFC02FFC
 *(.config_BFC02FFC)
                [!provide]                        PROVIDE (_DBG_CODE_ADDR = 0xbfc02000)
                [!provide]                        PROVIDE (_DBG_CODE_SIZE = 0xff0)

.reset          0x00000000bd000000      0x19c
 *(.reset)
 .reset         0x00000000bd000000        0x8 C:\Users\bcvander\AppData\Local\Temp\ccRVfKlZ.o
                0x00000000bd000000                _reset
 *(.reset.startup)
 .reset.startup
                0x00000000bd000008      0x194 C:\Users\bcvander\AppData\Local\Temp\ccRVfKlZ.o
                0x00000000bd000008                _startup

.bev_excpt      0x00000000bd000380       0x10
 *(.bev_handler)
 .bev_handler   0x00000000bd000380       0x10 C:\Users\bcvander\AppData\Local\Temp\ccRVfKlZ.o

.dbg_excpt      0x00000000bd000480        0x0
                0x00000000bd000480                . = (. + DEFINED (_DEBUGGER)?0x8:0x0)

.dbg_code       0x00000000bfc02000        0x0
                0x00000000bfc02000                . = (. + DEFINED (_DEBUGGER)?_DBG_CODE_SIZE:0x0)

.app_excpt      0x000000009d001180       0x10
 *(.gen_handler)
 .gen_handler   0x000000009d001180       0x10 C:\Users\bcvander\AppData\Local\Temp\ccRVfKlZ.o

.vector_0       0x000000009d001200        0x8
 *(.vector_0)
 .vector_0      0x000000009d001200        0x8 c:/program files/microchip/xc32/v3.01/bin/bin/../../lib/gcc/pic32mx/8.3.1/../../../../pic32mx/lib\libpic32.a(vector0.o)
                0x000000009d001200                __vector_dispatch_0
                0x0000000000000001                ASSERT (((_vector_spacing == 0x0) || (SIZEOF (.vector_0) <= (_vector_spacing << 0x5))), function at exception vector 0 too large)

.vector_1       0x000000009d001220        0x8
 *(.vector_1)
 .vector_1      0x000000009d001220        0x8 c:/program files/microchip/xc32/v3.01/bin/bin/../../lib/gcc/pic32mx/8.3.1/../../../../pic32mx/lib\libpic32.a(vector1.o)
                0x000000009d001220                __vector_dispatch_1
                0x0000000000000001                ASSERT (((_vector_spacing == 0x0) || (SIZEOF (.vector_1) <= (_vector_spacing << 0x5))), function at exception vector 1 too large)

.vector_2       0x000000009d001240        0x8
 *(.vector_2)
 .vector_2      0x000000009d001240        0x8 c:/program files/microchip/xc32/v3.01/bin/bin/../../lib/gcc/pic32mx/8.3.1/../../../../pic32mx/lib\libpic32.a(vector2.o)
                0x000000009d001240                __vector_dispatch_2
                0x0000000000000001                ASSERT (((_vector_spacing == 0x0) || (SIZEOF (.vector_2) <= (_vector_spacing << 0x5))), function at exception vector 2 too large)

.vector_3       0x000000009d001260        0x8
 *(.vector_3)
 .vector_3      0x000000009d001260        0x8 c:/program files/microchip/xc32/v3.01/bin/bin/../../lib/gcc/pic32mx/8.3.1/../../../../pic32mx/lib\libpic32.a(vector3.o)
                0x000000009d001260                __vector_dispatch_3
                0x0000000000000001                ASSERT (((_vector_spacing == 0x0) || (SIZEOF (.vector_3) <= (_vector_spacing << 0x5))), function at exception vector 3 too large)

.vector_4       0x000000009d001280        0x8
 *(.vector_4)
 .vector_4      0x000000009d001280        0x8 build/default/production/_ext/1975241074/ES_Timers.o
                0x000000009d001280                __vector_dispatch_4
                0x0000000000000001                ASSERT (((_vector_spacing == 0x0) || (SIZEOF (.vector_4) <= (_vector_spacing << 0x5))), function at exception vector 4 too large)

.vector_5       0x000000009d0012a0        0x8
 *(.vector_5)
 .vector_5      0x000000009d0012a0        0x8 c:/program files/microchip/xc32/v3.01/bin/bin/../../lib/gcc/pic32mx/8.3.1/../../../../pic32mx/lib\libpic32.a(vector5.o)
                0x000000009d0012a0                __vector_dispatch_5
                0x0000000000000001                ASSERT (((_vector_spacing == 0x0) || (SIZEOF (.vector_5) <= (_vector_spacing << 0x5))), function at exception vector 5 too large)

.vector_6       0x000000009d0012c0        0x8
 *(.vector_6)
 .vector_6      0x000000009d0012c0        0x8 c:/program files/microchip/xc32/v3.01/bin/bin/../../lib/gcc/pic32mx/8.3.1/../../../../pic32mx/lib\libpic32.a(vector6.o)
                0x000000009d0012c0                __vector_dispatch_6
                0x0000000000000001                ASSERT (((_vector_spacing == 0x0) || (SIZEOF (.vector_6) <= (_vector_spacing << 0x5))), function at exception vector 6 too large)

.vector_7       0x000000009d0012e0        0x8
 *(.vector_7)
 .vector_7      0x000000009d0012e0        0x8 c:/program files/microchip/xc32/v3.01/bin/bin/../../lib/gcc/pic32mx/8.3.1/../../../../pic32mx/lib\libpic32.a(vector7.o)
                0x000000009d0012e0                __vector_dispatch_7
                0x0000000000000001                ASSERT (((_vector_spacing == 0x0) || (SIZEOF (.vector_7) <= (_vector_spacing << 0x5))), function at exception vector 7 too large)

.vector_8       0x000000009d001300        0x8
 *(.vector_8)
 .vector_8      0x000000009d001300        0x8 c:/program files/microchip/xc32/v3.01/bin/bin/../../lib/gcc/pic32mx/8.3.1/../../../../pic32mx/lib\libpic32.a(vector8.o)
                0x000000009d001300                __vector_dispatch_8
                0x0000000000000001                ASSERT (((_vector_spacing == 0x0) || (SIZEOF (.vector_8) <= (_vector_spacing << 0x5))), function at exception vector 8 too large)

.vector_9       0x000000009d001320        0x8
 *(.vector_9)
 .vector_9      0x000000009d001320        0x8 c:/program files/microchip/xc32/v3.01/bin/bin/../../lib/gcc/pic32mx/8.3.1/../../../../pic32mx/lib\libpic32.a(vector9.o)
                0x000000009d001320                __vector_dispatch_9
                0x0000000000000001                ASSERT (((_vector_spacing == 0x0) || (SIZEOF (.vector_9) <= (_vector_spacing << 0x5))), function at exception vector 9 too large)

.vector_10      0x000000009d001340        0x8
 *(.vector_10)
 .vector_10     0x000000009d001340        0x8 c:/program files/microchip/xc32/v3.01/bin/bin/../../lib/gcc/pic32mx/8.3.1/../../../../pic32mx/lib\libpic32.a(vector10.o)
                0x000000009d001340                __vector_dispatch_10
                0x0000000000000001                ASSERT (((_vector_spacing == 0x0) || (SIZEOF (.vector_10) <= (_vector_spacing << 0x5))), function at exception vector 10 too large)

.vector_11      0x000000009d001360        0x8
 *(.vector_11)
 .vector_11     0x000000009d001360        0x8 c:/program files/microchip/xc32/v3.01/bin/bin/../../lib/gcc/pic32mx/8.3.1/../../../../pic32mx/lib\libpic32.a(vector11.o)
                0x000000009d001360                __vector_dispatch_11
                0x0000000000000001                ASSERT (((_vector_spacing == 0x0) || (SIZEOF (.vector_11) <= (_vector_spacing << 0x5))), function at exception vector 11 too large)

.vector_12      0x000000009d001380        0x8
 *(.vector_12)
 .vector_12     0x000000009d001380        0x8 c:/program files/microchip/xc32/v3.01/bin/bin/../../lib/gcc/pic32mx/8.3.1/../../../../pic32mx/lib\libpic32.a(vector12.o)
                0x000000009d001380                __vector_dispatch_12
                0x0000000000000001                ASSERT (((_vector_spacing == 0x0) || (SIZEOF (.vector_12) <= (_vector_spacing << 0x5))), function at exception vector 12 too large)

.vector_13      0x000000009d0013a0        0x8
 *(.vector_13)
 .vector_13     0x000000009d0013a0        0x8 c:/program files/microchip/xc32/v3.01/bin/bin/../../lib/gcc/pic32mx/8.3.1/../../../../pic32mx/lib\libpic32.a(vector13.o)
                0x000000009d0013a0                __vector_dispatch_13
                0x0000000000000001                ASSERT (((_vector_spacing == 0x0) || (SIZEOF (.vector_13) <= (_vector_spacing << 0x5))), function at exception vector 13 too large)

.vector_14      0x000000009d0013c0        0x8
 *(.vector_14)
 .vector_14     0x000000009d0013c0        0x8 c:/program files/microchip/xc32/v3.01/bin/bin/../../lib/gcc/pic32mx/8.3.1/../../../../pic32mx/lib\libpic32.a(vector14.o)
                0x000000009d0013c0                __vector_dispatch_14
                0x0000000000000001                ASSERT (((_vector_spacing == 0x0) || (SIZEOF (.vector_14) <= (_vector_spacing << 0x5))), function at exception vector 14 too large)

.vector_15      0x000000009d0013e0        0x8
 *(.vector_15)
 .vector_15     0x000000009d0013e0        0x8 c:/program files/microchip/xc32/v3.01/bin/bin/../../lib/gcc/pic32mx/8.3.1/../../../../pic32mx/lib\libpic32.a(vector15.o)
                0x000000009d0013e0                __vector_dispatch_15
                0x0000000000000001                ASSERT (((_vector_spacing == 0x0) || (SIZEOF (.vector_15) <= (_vector_spacing << 0x5))), function at exception vector 15 too large)

.vector_16      0x000000009d001400        0x8
 *(.vector_16)
 .vector_16     0x000000009d001400        0x8 c:/program files/microchip/xc32/v3.01/bin/bin/../../lib/gcc/pic32mx/8.3.1/../../../../pic32mx/lib\libpic32.a(vector16.o)
                0x000000009d001400                __vector_dispatch_16
                0x0000000000000001                ASSERT (((_vector_spacing == 0x0) || (SIZEOF (.vector_16) <= (_vector_spacing << 0x5))), function at exception vector 16 too large)

.vector_17      0x000000009d001420        0x8
 *(.vector_17)
 .vector_17     0x000000009d001420        0x8 c:/program files/microchip/xc32/v3.01/bin/bin/../../lib/gcc/pic32mx/8.3.1/../../../../pic32mx/lib\libpic32.a(vector17.o)
                0x000000009d001420                __vector_dispatch_17
                0x0000000000000001                ASSERT (((_vector_spacing == 0x0) || (SIZEOF (.vector_17) <= (_vector_spacing << 0x5))), function at exception vector 17 too large)

.vector_18      0x000000009d001440        0x8
 *(.vector_18)
 .vector_18     0x000000009d001440        0x8 c:/program files/microchip/xc32/v3.01/bin/bin/../../lib/gcc/pic32mx/8.3.1/../../../../pic32mx/lib\libpic32.a(vector18.o)
                0x000000009d001440                __vector_dispatch_18
                0x0000000000000001                ASSERT (((_vector_spacing == 0x0) || (SIZEOF (.vector_18) <= (_vector_spacing << 0x5))), function at exception vector 18 too large)

.vector_19      0x000000009d001460        0x8
 *(.vector_19)
 .vector_19     0x000000009d001460        0x8 c:/program files/microchip/xc32/v3.01/bin/bin/../../lib/gcc/pic32mx/8.3.1/../../../../pic32mx/lib\libpic32.a(vector19.o)
                0x000000009d001460                __vector_dispatch_19
                0x0000000000000001                ASSERT (((_vector_spacing == 0x0) || (SIZEOF (.vector_19) <= (_vector_spacing << 0x5))), function at exception vector 19 too large)

.vector_20      0x000000009d001480        0x8
 *(.vector_20)
 .vector_20     0x000000009d001480        0x8 c:/program files/microchip/xc32/v3.01/bin/bin/../../lib/gcc/pic32mx/8.3.1/../../../../pic32mx/lib\libpic32.a(vector20.o)
                0x000000009d001480                __vector_dispatch_20
                0x0000000000000001                ASSERT (((_vector_spacing == 0x0) || (SIZEOF (.vector_20) <= (_vector_spacing << 0x5))), function at exception vector 20 too large)

.vector_21      0x000000009d0014a0        0x8
 *(.vector_21)
 .vector_21     0x000000009d0014a0        0x8 c:/program files/microchip/xc32/v3.01/bin/bin/../../lib/gcc/pic32mx/8.3.1/../../../../pic32mx/lib\libpic32.a(vector21.o)
                0x000000009d0014a0                __vector_dispatch_21
                0x0000000000000001                ASSERT (((_vector_spacing == 0x0) || (SIZEOF (.vector_21) <= (_vector_spacing << 0x5))), function at exception vector 21 too large)

.vector_22      0x000000009d0014c0        0x8
 *(.vector_22)
 .vector_22     0x000000009d0014c0        0x8 c:/program files/microchip/xc32/v3.01/bin/bin/../../lib/gcc/pic32mx/8.3.1/../../../../pic32mx/lib\libpic32.a(vector22.o)
                0x000000009d0014c0                __vector_dispatch_22
                0x0000000000000001                ASSERT (((_vector_spacing == 0x0) || (SIZEOF (.vector_22) <= (_vector_spacing << 0x5))), function at exception vector 22 too large)

.vector_23      0x000000009d0014e0        0x8
 *(.vector_23)
 .vector_23     0x000000009d0014e0        0x8 c:/program files/microchip/xc32/v3.01/bin/bin/../../lib/gcc/pic32mx/8.3.1/../../../../pic32mx/lib\libpic32.a(vector23.o)
                0x000000009d0014e0                __vector_dispatch_23
                0x0000000000000001                ASSERT (((_vector_spacing == 0x0) || (SIZEOF (.vector_23) <= (_vector_spacing << 0x5))), function at exception vector 23 too large)

.vector_24      0x000000009d001500        0x8
 *(.vector_24)
 .vector_24     0x000000009d001500        0x8 build/default/production/_ext/1975241074/serial.o
                0x000000009d001500                __vector_dispatch_24
                0x0000000000000001                ASSERT (((_vector_spacing == 0x0) || (SIZEOF (.vector_24) <= (_vector_spacing << 0x5))), function at exception vector 24 too large)

.vector_25      0x000000009d001520        0x8
 *(.vector_25)
 .vector_25     0x000000009d001520        0x8 c:/program files/microchip/xc32/v3.01/bin/bin/../../lib/gcc/pic32mx/8.3.1/../../../../pic32mx/lib\libpic32.a(vector25.o)
                0x000000009d001520                __vector_dispatch_25
                0x0000000000000001                ASSERT (((_vector_spacing == 0x0) || (SIZEOF (.vector_25) <= (_vector_spacing << 0x5))), function at exception vector 25 too large)

.vector_26      0x000000009d001540        0x8
 *(.vector_26)
 .vector_26     0x000000009d001540        0x8 c:/program files/microchip/xc32/v3.01/bin/bin/../../lib/gcc/pic32mx/8.3.1/../../../../pic32mx/lib\libpic32.a(vector26.o)
                0x000000009d001540                __vector_dispatch_26
                0x0000000000000001                ASSERT (((_vector_spacing == 0x0) || (SIZEOF (.vector_26) <= (_vector_spacing << 0x5))), function at exception vector 26 too large)

.vector_27      0x000000009d001560        0x8
 *(.vector_27)
 .vector_27     0x000000009d001560        0x8 build/default/production/_ext/1975241074/AD.o
                0x000000009d001560                __vector_dispatch_27
                0x0000000000000001                ASSERT (((_vector_spacing == 0x0) || (SIZEOF (.vector_27) <= (_vector_spacing << 0x5))), function at exception vector 27 too large)

.vector_28      0x000000009d001580        0x8
 *(.vector_28)
 .vector_28     0x000000009d001580        0x8 c:/program files/microchip/xc32/v3.01/bin/bin/../../lib/gcc/pic32mx/8.3.1/../../../../pic32mx/lib\libpic32.a(vector28.o)
                0x000000009d001580                __vector_dispatch_28
                0x0000000000000001                ASSERT (((_vector_spacing == 0x0) || (SIZEOF (.vector_28) <= (_vector_spacing << 0x5))), function at exception vector 28 too large)

.vector_29      0x000000009d0015a0        0x8
 *(.vector_29)
 .vector_29     0x000000009d0015a0        0x8 c:/program files/microchip/xc32/v3.01/bin/bin/../../lib/gcc/pic32mx/8.3.1/../../../../pic32mx/lib\libpic32.a(vector29.o)
                0x000000009d0015a0                __vector_dispatch_29
                0x0000000000000001                ASSERT (((_vector_spacing == 0x0) || (SIZEOF (.vector_29) <= (_vector_spacing << 0x5))), function at exception vector 29 too large)

.vector_30      0x000000009d0015c0        0x8
 *(.vector_30)
 .vector_30     0x000000009d0015c0        0x8 c:/program files/microchip/xc32/v3.01/bin/bin/../../lib/gcc/pic32mx/8.3.1/../../../../pic32mx/lib\libpic32.a(vector30.o)
                0x000000009d0015c0                __vector_dispatch_30
                0x0000000000000001                ASSERT (((_vector_spacing == 0x0) || (SIZEOF (.vector_30) <= (_vector_spacing << 0x5))), function at exception vector 30 too large)

.vector_31      0x000000009d0015e0        0x8
 *(.vector_31)
 .vector_31     0x000000009d0015e0        0x8 c:/program files/microchip/xc32/v3.01/bin/bin/../../lib/gcc/pic32mx/8.3.1/../../../../pic32mx/lib\libpic32.a(vector31.o)
                0x000000009d0015e0                __vector_dispatch_31
                0x0000000000000001                ASSERT (((_vector_spacing == 0x0) || (SIZEOF (.vector_31) <= (_vector_spacing << 0x5))), function at exception vector 31 too large)

.vector_32      0x000000009d001600        0x8
 *(.vector_32)
 .vector_32     0x000000009d001600        0x8 c:/program files/microchip/xc32/v3.01/bin/bin/../../lib/gcc/pic32mx/8.3.1/../../../../pic32mx/lib\libpic32.a(vector32.o)
                0x000000009d001600                __vector_dispatch_32
                0x0000000000000001                ASSERT (((_vector_spacing == 0x0) || (SIZEOF (.vector_32) <= (_vector_spacing << 0x5))), function at exception vector 32 too large)

.vector_33      0x000000009d001620        0x8
 *(.vector_33)
 .vector_33     0x000000009d001620        0x8 c:/program files/microchip/xc32/v3.01/bin/bin/../../lib/gcc/pic32mx/8.3.1/../../../../pic32mx/lib\libpic32.a(vector33.o)
                0x000000009d001620                __vector_dispatch_33
                0x0000000000000001                ASSERT (((_vector_spacing == 0x0) || (SIZEOF (.vector_33) <= (_vector_spacing << 0x5))), function at exception vector 33 too large)

.vector_34      0x000000009d001640        0x8
 *(.vector_34)
 .vector_34     0x000000009d001640        0x8 c:/program files/microchip/xc32/v3.01/bin/bin/../../lib/gcc/pic32mx/8.3.1/../../../../pic32mx/lib\libpic32.a(vector34.o)
                0x000000009d001640                __vector_dispatch_34
                0x0000000000000001                ASSERT (((_vector_spacing == 0x0) || (SIZEOF (.vector_34) <= (_vector_spacing << 0x5))), function at exception vector 34 too large)

.vector_35      0x000000009d001660        0x8
 *(.vector_35)
 .vector_35     0x000000009d001660        0x8 c:/program files/microchip/xc32/v3.01/bin/bin/../../lib/gcc/pic32mx/8.3.1/../../../../pic32mx/lib\libpic32.a(vector35.o)
                0x000000009d001660                __vector_dispatch_35
                0x0000000000000001                ASSERT (((_vector_spacing == 0x0) || (SIZEOF (.vector_35) <= (_vector_spacing << 0x5))), function at exception vector 35 too large)

.vector_36      0x000000009d001680        0x8
 *(.vector_36)
 .vector_36     0x000000009d001680        0x8 c:/program files/microchip/xc32/v3.01/bin/bin/../../lib/gcc/pic32mx/8.3.1/../../../../pic32mx/lib\libpic32.a(vector36.o)
                0x000000009d001680                __vector_dispatch_36
                0x0000000000000001                ASSERT (((_vector_spacing == 0x0) || (SIZEOF (.vector_36) <= (_vector_spacing << 0x5))), function at exception vector 36 too large)

.vector_37      0x000000009d0016a0        0x8
 *(.vector_37)
 .vector_37     0x000000009d0016a0        0x8 c:/program files/microchip/xc32/v3.01/bin/bin/../../lib/gcc/pic32mx/8.3.1/../../../../pic32mx/lib\libpic32.a(vector37.o)
                0x000000009d0016a0                __vector_dispatch_37
                0x0000000000000001                ASSERT (((_vector_spacing == 0x0) || (SIZEOF (.vector_37) <= (_vector_spacing << 0x5))), function at exception vector 37 too large)

.vector_38      0x000000009d0016c0        0x8
 *(.vector_38)
 .vector_38     0x000000009d0016c0        0x8 c:/program files/microchip/xc32/v3.01/bin/bin/../../lib/gcc/pic32mx/8.3.1/../../../../pic32mx/lib\libpic32.a(vector38.o)
                0x000000009d0016c0                __vector_dispatch_38
                0x0000000000000001                ASSERT (((_vector_spacing == 0x0) || (SIZEOF (.vector_38) <= (_vector_spacing << 0x5))), function at exception vector 38 too large)

.vector_39      0x000000009d0016e0        0x8
 *(.vector_39)
 .vector_39     0x000000009d0016e0        0x8 c:/program files/microchip/xc32/v3.01/bin/bin/../../lib/gcc/pic32mx/8.3.1/../../../../pic32mx/lib\libpic32.a(vector39.o)
                0x000000009d0016e0                __vector_dispatch_39
                0x0000000000000001                ASSERT (((_vector_spacing == 0x0) || (SIZEOF (.vector_39) <= (_vector_spacing << 0x5))), function at exception vector 39 too large)

.vector_40      0x000000009d001700        0x8
 *(.vector_40)
 .vector_40     0x000000009d001700        0x8 c:/program files/microchip/xc32/v3.01/bin/bin/../../lib/gcc/pic32mx/8.3.1/../../../../pic32mx/lib\libpic32.a(vector40.o)
                0x000000009d001700                __vector_dispatch_40
                0x0000000000000001                ASSERT (((_vector_spacing == 0x0) || (SIZEOF (.vector_40) <= (_vector_spacing << 0x5))), function at exception vector 40 too large)

.vector_41      0x000000009d001720        0x8
 *(.vector_41)
 .vector_41     0x000000009d001720        0x8 c:/program files/microchip/xc32/v3.01/bin/bin/../../lib/gcc/pic32mx/8.3.1/../../../../pic32mx/lib\libpic32.a(vector41.o)
                0x000000009d001720                __vector_dispatch_41
                0x0000000000000001                ASSERT (((_vector_spacing == 0x0) || (SIZEOF (.vector_41) <= (_vector_spacing << 0x5))), function at exception vector 41 too large)

.vector_42      0x000000009d001740        0x8
 *(.vector_42)
 .vector_42     0x000000009d001740        0x8 c:/program files/microchip/xc32/v3.01/bin/bin/../../lib/gcc/pic32mx/8.3.1/../../../../pic32mx/lib\libpic32.a(vector42.o)
                0x000000009d001740                __vector_dispatch_42
                0x0000000000000001                ASSERT (((_vector_spacing == 0x0) || (SIZEOF (.vector_42) <= (_vector_spacing << 0x5))), function at exception vector 42 too large)

.vector_43      0x000000009d001760        0x8
 *(.vector_43)
 .vector_43     0x000000009d001760        0x8 c:/program files/microchip/xc32/v3.01/bin/bin/../../lib/gcc/pic32mx/8.3.1/../../../../pic32mx/lib\libpic32.a(vector43.o)
                0x000000009d001760                __vector_dispatch_43
                0x0000000000000001                ASSERT (((_vector_spacing == 0x0) || (SIZEOF (.vector_43) <= (_vector_spacing << 0x5))), function at exception vector 43 too large)

.vector_44      0x000000009d001780        0x8
 *(.vector_44)
 .vector_44     0x000000009d001780        0x8 c:/program files/microchip/xc32/v3.01/bin/bin/../../lib/gcc/pic32mx/8.3.1/../../../../pic32mx/lib\libpic32.a(vector44.o)
                0x000000009d001780                __vector_dispatch_44
                0x0000000000000001                ASSERT (((_vector_spacing == 0x0) || (SIZEOF (.vector_44) <= (_vector_spacing << 0x5))), function at exception vector 44 too large)

.vector_45      0x000000009d0017a0        0x0
 *(.vector_45)
                0x0000000000000001                ASSERT (((_vector_spacing == 0x0) || (SIZEOF (.vector_45) <= (_vector_spacing << 0x5))), function at exception vector 45 too large)

.vector_46      0x000000009d0017c0        0x0
 *(.vector_46)
                0x0000000000000001                ASSERT (((_vector_spacing == 0x0) || (SIZEOF (.vector_46) <= (_vector_spacing << 0x5))), function at exception vector 46 too large)

.vector_47      0x000000009d0017e0        0x0
 *(.vector_47)
                0x0000000000000001                ASSERT (((_vector_spacing == 0x0) || (SIZEOF (.vector_47) <= (_vector_spacing << 0x5))), function at exception vector 47 too large)

.vector_48      0x000000009d001800        0x0
 *(.vector_48)
                0x0000000000000001                ASSERT (((_vector_spacing == 0x0) || (SIZEOF (.vector_48) <= (_vector_spacing << 0x5))), function at exception vector 48 too large)

.vector_49      0x000000009d001820        0x0
 *(.vector_49)
                0x0000000000000001                ASSERT (((_vector_spacing == 0x0) || (SIZEOF (.vector_49) <= (_vector_spacing << 0x5))), function at exception vector 49 too large)

.vector_50      0x000000009d001840        0x0
 *(.vector_50)
                0x0000000000000001                ASSERT (((_vector_spacing == 0x0) || (SIZEOF (.vector_50) <= (_vector_spacing << 0x5))), function at exception vector 50 too large)

.vector_51      0x000000009d001860        0x0
 *(.vector_51)
                0x0000000000000001                ASSERT (((_vector_spacing == 0x0) || (SIZEOF (.vector_51) <= (_vector_spacing << 0x5))), function at exception vector 51 too large)

.vector_52      0x000000009d001880        0x0
 *(.vector_52)
                0x0000000000000001                ASSERT (((_vector_spacing == 0x0) || (SIZEOF (.vector_52) <= (_vector_spacing << 0x5))), function at exception vector 52 too large)

.vector_53      0x000000009d0018a0        0x0
 *(.vector_53)
                0x0000000000000001                ASSERT (((_vector_spacing == 0x0) || (SIZEOF (.vector_53) <= (_vector_spacing << 0x5))), function at exception vector 53 too large)

.vector_54      0x000000009d0018c0        0x0
 *(.vector_54)
                0x0000000000000001                ASSERT (((_vector_spacing == 0x0) || (SIZEOF (.vector_54) <= (_vector_spacing << 0x5))), function at exception vector 54 too large)

.vector_55      0x000000009d0018e0        0x0
 *(.vector_55)
                0x0000000000000001                ASSERT (((_vector_spacing == 0x0) || (SIZEOF (.vector_55) <= (_vector_spacing << 0x5))), function at exception vector 55 too large)

.vector_56      0x000000009d001900        0x0
 *(.vector_56)
                0x0000000000000001                ASSERT (((_vector_spacing == 0x0) || (SIZEOF (.vector_56) <= (_vector_spacing << 0x5))), function at exception vector 56 too large)

.vector_57      0x000000009d001920        0x0
 *(.vector_57)
                0x0000000000000001                ASSERT (((_vector_spacing == 0x0) || (SIZEOF (.vector_57) <= (_vector_spacing << 0x5))), function at exception vector 57 too large)

.vector_58      0x000000009d001940        0x0
 *(.vector_58)
                0x0000000000000001                ASSERT (((_vector_spacing == 0x0) || (SIZEOF (.vector_58) <= (_vector_spacing << 0x5))), function at exception vector 58 too large)

.vector_59      0x000000009d001960        0x0
 *(.vector_59)
                0x0000000000000001                ASSERT (((_vector_spacing == 0x0) || (SIZEOF (.vector_59) <= (_vector_spacing << 0x5))), function at exception vector 59 too large)

.vector_60      0x000000009d001980        0x0
 *(.vector_60)
                0x0000000000000001                ASSERT (((_vector_spacing == 0x0) || (SIZEOF (.vector_60) <= (_vector_spacing << 0x5))), function at exception vector 60 too large)

.vector_61      0x000000009d0019a0        0x0
 *(.vector_61)
                0x0000000000000001                ASSERT (((_vector_spacing == 0x0) || (SIZEOF (.vector_61) <= (_vector_spacing << 0x5))), function at exception vector 61 too large)

.vector_62      0x000000009d0019c0        0x0
 *(.vector_62)
                0x0000000000000001                ASSERT (((_vector_spacing == 0x0) || (SIZEOF (.vector_62) <= (_vector_spacing << 0x5))), function at exception vector 62 too large)

.vector_63      0x000000009d0019e0        0x0
 *(.vector_63)
                0x0000000000000001                ASSERT (((_vector_spacing == 0x0) || (SIZEOF (.vector_63) <= (_vector_spacing << 0x5))), function at exception vector 63 too large)

.startup
 *(.startup)

.text           0x000000009d002000        0x0
 *(.stub .gnu.linkonce.t.*)
 *(.text.*personality*)
 *(.mips16.fn.*)
 *(.mips16.call.*)
 *(.gnu.warning)
                0x000000009d002000                . = ALIGN (0x4)

.init           0x000000009d002000        0x0
 *crti.o(.init)
 *crtbegin.o(.init)
 *(EXCLUDE_FILE(*crtn.o *crtend?.o *crtend.o) .init)
 *crtend.o(.init)
 *crtn.o(.init)
                0x000000009d002000                . = ALIGN (0x4)

.fini           0x000000009d002000        0x0
 *(.fini)
                0x000000009d002000                . = ALIGN (0x4)

.preinit_array  0x000000009d002000        0x0
                [!provide]                        PROVIDE (__preinit_array_start = .)
 *(.preinit_array)
                [!provide]                        PROVIDE (__preinit_array_end = .)
                0x000000009d002000                . = ALIGN (0x4)

.init_array     0x000000009d002000        0x0
                [!provide]                        PROVIDE (__init_array_start = .)
 *(SORT_BY_NAME(.init_array.*))
 *(.init_array)
                [!provide]                        PROVIDE (__init_array_end = .)
                0x000000009d002000                . = ALIGN (0x4)

.fini_array     0x000000009d002000        0x0
                [!provide]                        PROVIDE (__fini_array_start = .)
 *(SORT_BY_NAME(.fini_array.*))
 *(.fini_array)
                [!provide]                        PROVIDE (__fini_array_end = .)
                0x000000009d002000                . = ALIGN (0x4)

.ctors          0x000000009d002000        0x0
 *crtbegin.o(.ctors)
 *crtbegin?.o(.ctors)
 *(EXCLUDE_FILE(*crtend?.o *crtend.o) .ctors)
 *(SORT_BY_NAME(.ctors.*))
 *(.ctors)
                0x000000009d002000                . = ALIGN (0x4)

.dtors          0x000000009d002000        0x0
 *crtbegin.o(.dtors)
 *crtbegin?.o(.dtors)
 *(EXCLUDE_FILE(*crtend?.o *crtend.o) .dtors)
 *(SORT_BY_NAME(.dtors.*))
 *(.dtors)
                0x000000009d002000                . = ALIGN (0x4)

.rodata         0x000000009d002000        0x0
 *(.gnu.linkonce.r.*)
 *(.rodata1)
                0x000000009d002000                . = ALIGN (0x4)

.sdata2         0x000000009d002000        0x0
 *(.sdata2 .sdata2.* .gnu.linkonce.s2.*)
                0x000000009d002000                . = ALIGN (0x4)

.sbss2          0x000000009d002000        0x0
 *(.sbss2 .sbss2.* .gnu.linkonce.sb2.*)
                0x000000009d002000                . = ALIGN (0x4)

.eh_frame_hdr
 *(.eh_frame_hdr)
                0x000000009d002000                . = ALIGN (0x4)

.eh_frame
 *(.eh_frame)
                0x000000009d002000                . = ALIGN (0x4)

.gcc_except_table
 *(.gcc_except_table .gcc_except_table.*)
                0x000000009d002000                . = ALIGN (0x4)

.dbg_data       0x00000000a0000000        0x0
                0x00000000a0000000                . = (. + DEFINED (_DEBUGGER)?0x200:0x0)

.jcr            0x00000000a0000000        0x0
 *(.jcr)
                0x00000000a0000000                . = ALIGN (0x4)

.eh_frame
 *(.eh_frame)
                0x00000000a0000000                . = ALIGN (0x4)

.gcc_except_table
 *(.gcc_except_table .gcc_except_table.*)
                0x00000000a0000000                . = ALIGN (0x4)

.persist        0x00000000a0000000        0x0
                0x00000000a0000000                _persist_begin = .
 *(.persist .persist.*)
 *(.pbss .pbss.*)
                0x00000000a0000000                . = ALIGN (0x4)
                0x00000000a0000000                _persist_end = .

.data           0x00000000a0000000        0x0
 *(.gnu.linkonce.d.*)
 *(.data1)
                0x00000000a0000000                . = ALIGN (0x4)
                0x00000000a0000000                . = .
                0x00000000a0007ff0                _gp = (ALIGN (0x10) + 0x7ff0)

.got            0x00000000a0000000        0x0
 *(.got.plt)
 *(.got)
                0x00000000a0000000                . = ALIGN (0x4)

.sdata          0x00000000a0000000       0x48
                0x00000000a0000000                _sdata_begin = .
 *(.sdata .sdata.* .gnu.linkonce.s.*)
 .sdata         0x00000000a0000000        0x4 build/default/production/_ext/1975241074/AD.o
 .sdata         0x00000000a0000004       0x34 build/default/production/Sense_EventChecker.o
 .sdata         0x00000000a0000038        0x8 build/default/production/_ext/2062664799/EncoderService.o
 .sdata         0x00000000a0000040        0x1 build/default/production/TowerScopeSubHSM.o
 .sdata         0x00000000a0000041        0x1 build/default/production/TowerSubHSM.o
 *fill*         0x00000000a0000042        0x2 
 .sdata         0x00000000a0000044        0x4 c:/program files/microchip/xc32/v3.01/bin/bin/../../lib/gcc/pic32mx/8.3.1/../../../../pic32mx/lib\liblega-c.a(_iobdata.o)
                0x00000000a0000044                _libc_data
                0x00000000a0000048                . = ALIGN (0x4)
                0x00000000a0000048                _sdata_end = .

.lit8
 *(.lit8)

.lit4
 *(.lit4)
                0x00000000a0000048                . = ALIGN (0x4)
                0x00000000a0000048                _data_end = .
                0x00000000a0000048                _bss_begin = .

.sbss           0x00000000a0000048       0xec
                0x00000000a0000048                _sbss_begin = .
 *(.dynsbss)
 *(.sbss .sbss.* .gnu.linkonce.sb.*)
 .sbss          0x00000000a0000048       0x20 build/default/production/_ext/1975241074/AD.o
 .sbss          0x00000000a0000068       0x10 build/default/production/_ext/1975241074/serial.o
 .sbss          0x00000000a0000078        0x9 build/default/production/_ext/1975241074/ES_Framework.o
                0x00000000a0000080                Ready
 .sbss          0x00000000a0000081        0x1 build/default/production/_ext/1975241074/ES_KeyboardInput.o
 .sbss          0x00000000a0000082        0x4 build/default/production/_ext/1975241074/ES_TattleTale.o
 *fill*         0x00000000a0000086        0x2 
 .sbss          0x00000000a0000088       0x28 build/default/production/_ext/1975241074/ES_Timers.o
 .sbss          0x00000000a00000b0        0x2 build/default/production/_ext/1975241074/LED.o
 *fill*         0x00000000a00000b2        0x2 
 .sbss          0x00000000a00000b4        0x9 build/default/production/_ext/1975241074/pwm.o
 .sbss          0x00000000a00000bd        0x1 build/default/production/SimpleFunctionService.o
 *fill*         0x00000000a00000be        0x2 
 .sbss          0x00000000a00000c0        0xa build/default/production/Sense_EventChecker.o
 *fill*         0x00000000a00000ca        0x2 
 .sbss          0x00000000a00000cc        0x4 build/default/production/Solenoid_Driver.o
 .sbss          0x00000000a00000d0       0x11 build/default/production/_ext/2062664799/EncoderService.o
 .sbss          0x00000000a00000e1        0x4 build/default/production/_ext/2062664799/EncoderEventChecker.o
 *fill*         0x00000000a00000e5        0x3 
 .sbss          0x00000000a00000e8        0x8 build/default/production/_ext/2062664799/Motor_Driver.o
                0x00000000a00000e8                prev_pwm
                0x00000000a00000ec                pwm_input
 .sbss          0x00000000a00000f0        0x8 build/default/production/TopHSM.o
 .sbss          0x00000000a00000f8        0x4 build/default/production/Bumpers_Gen_v1SubHSM.o
 .sbss          0x00000000a00000fc        0x4 build/default/production/ActiveSearchSubHSM.o
 .sbss          0x00000000a0000100        0x4 build/default/production/FindTapeSubHSM.o
 .sbss          0x00000000a0000104        0x8 build/default/production/TowerScopeSubHSM.o
 .sbss          0x00000000a000010c        0x4 build/default/production/TowerSubHSM.o
 .sbss          0x00000000a0000110        0x4 build/default/production/TowerApproachSubHSM.o
 .sbss          0x00000000a0000114        0x8 build/default/production/CircleTowerSubHSM.o
 .sbss          0x00000000a000011c        0x8 build/default/production/CorrectSideFoundSubHSM.o
 .sbss          0x00000000a0000124        0x8 build/default/production/DeadBotAvoidSubHSM.o
 .sbss          0x00000000a000012c        0x4 build/default/production/CorrectHoleFoundSubHSM.o
 .sbss          0x00000000a0000130        0x4 c:/program files/microchip/xc32/v3.01/bin/bin/../../lib/gcc/pic32mx/8.3.1/../../../../pic32mx/lib\liblega-c.a(errno.o)
                0x00000000a0000130                errno
 *(.scommon)
                0x00000000a0000134                _sbss_end = .
                0x00000000a0000134                . = ALIGN (0x4)

.bss            0x00000000a0000134        0x0
 *(.dynbss)
 *(COMMON)
                0x00000000a0000134                . = ALIGN ((. != 0x0)?0x4:0x1)
                0x00000000a0000134                . = ALIGN (0x4)
                0x00000000a0000134                _end = .
                0x00000000a0000134                _bss_end = .
                0x0000000000004000                _bmxdudba_address = LENGTH (kseg1_data_mem)
                0x0000000000004000                _bmxdupba_address = LENGTH (kseg1_data_mem)

/DISCARD/
 *(.pdr)
 *(.rel.dyn)
 *(.note.GNU-stack)
 *(.note.GNU-stack)
 *(.gnu_debuglink)
 *(.gnu.lto_*)
 *(.discard)

.gptab.sdata
 *(.gptab.data)
 *(.gptab.sdata)

.gptab.sbss
 *(.gptab.bss)
 *(.gptab.sbss)

.mdebug.abi32   0x00000000a0000134        0x0
 *(.mdebug.abi32)
 .mdebug.abi32  0x00000000a0000134        0x0 build/default/production/_ext/1975241074/AD.o
 .mdebug.abi32  0x00000000a0000134        0x0 build/default/production/_ext/1975241074/BOARD.o
 .mdebug.abi32  0x00000000a0000134        0x0 build/default/production/_ext/1975241074/serial.o
 .mdebug.abi32  0x00000000a0000134        0x0 build/default/production/_ext/1975241074/ES_CheckEvents.o
 .mdebug.abi32  0x00000000a0000134        0x0 build/default/production/_ext/1975241074/ES_Framework.o
 .mdebug.abi32  0x00000000a0000134        0x0 build/default/production/_ext/1975241074/ES_KeyboardInput.o
 .mdebug.abi32  0x00000000a0000134        0x0 build/default/production/_ext/1975241074/ES_PostList.o
 .mdebug.abi32  0x00000000a0000134        0x0 build/default/production/_ext/1975241074/ES_Queue.o
 .mdebug.abi32  0x00000000a0000134        0x0 build/default/production/_ext/1975241074/ES_TattleTale.o
 .mdebug.abi32  0x00000000a0000134        0x0 build/default/production/_ext/1975241074/ES_Timers.o
 .mdebug.abi32  0x00000000a0000134        0x0 build/default/production/_ext/1975241074/IO_Ports.o
 .mdebug.abi32  0x00000000a0000134        0x0 build/default/production/_ext/1975241074/LED.o
 .mdebug.abi32  0x00000000a0000134        0x0 build/default/production/_ext/1975241074/pwm.o
 .mdebug.abi32  0x00000000a0000134        0x0 build/default/production/SimpleFunctionService.o
 .mdebug.abi32  0x00000000a0000134        0x0 build/default/production/Beacon_Detector.o
 .mdebug.abi32  0x00000000a0000134        0x0 build/default/production/Bumpers.o
 .mdebug.abi32  0x00000000a0000134        0x0 build/default/production/Sense_EventChecker.o
 .mdebug.abi32  0x00000000a0000134        0x0 build/default/production/Solenoid_Driver.o
 .mdebug.abi32  0x00000000a0000134        0x0 build/default/production/Tape_Sensors.o
 .mdebug.abi32  0x00000000a0000134        0x0 build/default/production/Track_Wire_Sensor.o
 .mdebug.abi32  0x00000000a0000134        0x0 build/default/production/_ext/2062664799/EncoderService.o
 .mdebug.abi32  0x00000000a0000134        0x0 build/default/production/_ext/2062664799/EncoderEventChecker.o
 .mdebug.abi32  0x00000000a0000134        0x0 build/default/production/_ext/2062664799/Motor_Driver.o
 .mdebug.abi32  0x00000000a0000134        0x0 build/default/production/TopHSM.o
 .mdebug.abi32  0x00000000a0000134        0x0 build/default/production/Final_ES_Main.o
 .mdebug.abi32  0x00000000a0000134        0x0 build/default/production/Bumpers_Gen_v1SubHSM.o
 .mdebug.abi32  0x00000000a0000134        0x0 build/default/production/ActiveSearchSubHSM.o
 .mdebug.abi32  0x00000000a0000134        0x0 build/default/production/FindTapeSubHSM.o
 .mdebug.abi32  0x00000000a0000134        0x0 build/default/production/TowerScopeSubHSM.o
 .mdebug.abi32  0x00000000a0000134        0x0 build/default/production/TowerSubHSM.o
 .mdebug.abi32  0x00000000a0000134        0x0 build/default/production/TowerApproachSubHSM.o
 .mdebug.abi32  0x00000000a0000134        0x0 build/default/production/CircleTowerSubHSM.o
 .mdebug.abi32  0x00000000a0000134        0x0 build/default/production/CorrectSideFoundSubHSM.o
 .mdebug.abi32  0x00000000a0000134        0x0 build/default/production/DeadBotAvoidSubHSM.o
 .mdebug.abi32  0x00000000a0000134        0x0 build/default/production/CorrectHoleFoundSubHSM.o
 .mdebug.abi32  0x00000000a0000134        0x0 c:/program files/microchip/xc32/v3.01/bin/bin/../../lib/gcc/pic32mx/8.3.1\libgcc.a(floatunsisf.o)
 .mdebug.abi32  0x00000000a0000134        0x0 c:/program files/microchip/xc32/v3.01/bin/bin/../../lib/gcc/pic32mx/8.3.1/../../../../pic32mx/lib\libpic32.a(default-bootstrap-exception-handler.o)
 .mdebug.abi32  0x00000000a0000134        0x0 c:/program files/microchip/xc32/v3.01/bin/bin/../../lib/gcc/pic32mx/8.3.1/../../../../pic32mx/lib\libpic32.a(default-on-reset.o)
 .mdebug.abi32  0x00000000a0000134        0x0 c:/program files/microchip/xc32/v3.01/bin/bin/../../lib/gcc/pic32mx/8.3.1/../../../../pic32mx/lib\libpic32.a(default-on-bootstrap.o)
 .mdebug.abi32  0x00000000a0000134        0x0 c:/program files/microchip/xc32/v3.01/bin/bin/../../lib/gcc/pic32mx/8.3.1/../../../../pic32mx/lib\libpic32.a(default-general-exception-handler.o)
 .mdebug.abi32  0x00000000a0000134        0x0 c:/program files/microchip/xc32/v3.01/bin/bin/../../lib/gcc/pic32mx/8.3.1/../../../../pic32mx/lib\libpic32.a(defaultinterrupt.o)
 .mdebug.abi32  0x00000000a0000134        0x0 c:/program files/microchip/xc32/v3.01/bin/bin/../../lib/gcc/pic32mx/8.3.1/../../../../pic32mx/lib\liblega-c.a(fputc.o)
 .mdebug.abi32  0x00000000a0000134        0x0 c:/program files/microchip/xc32/v3.01/bin/bin/../../lib/gcc/pic32mx/8.3.1/../../../../pic32mx/lib\liblega-c.a(fputs.o)
 .mdebug.abi32  0x00000000a0000134        0x0 c:/program files/microchip/xc32/v3.01/bin/bin/../../lib/gcc/pic32mx/8.3.1/../../../../pic32mx/lib\liblega-c.a(printf_cdnopsuxX.eo)
 .mdebug.abi32  0x00000000a0000134        0x0 c:/program files/microchip/xc32/v3.01/bin/bin/../../lib/gcc/pic32mx/8.3.1/../../../../pic32mx/lib\liblega-c.a(printf_cdnopuxX.eo)
 .mdebug.abi32  0x00000000a0000134        0x0 c:/program files/microchip/xc32/v3.01/bin/bin/../../lib/gcc/pic32mx/8.3.1/../../../../pic32mx/lib\liblega-c.a(printf_s.eo)
 .mdebug.abi32  0x00000000a0000134        0x0 c:/program files/microchip/xc32/v3.01/bin/bin/../../lib/gcc/pic32mx/8.3.1/../../../../pic32mx/lib\liblega-c.a(strlen.o)
 .mdebug.abi32  0x00000000a0000134        0x0 c:/program files/microchip/xc32/v3.01/bin/bin/../../lib/gcc/pic32mx/8.3.1/../../../../pic32mx/lib\liblega-c.a(_doprnt_cdnopsuxX.eo)
 .mdebug.abi32  0x00000000a0000134        0x0 c:/program files/microchip/xc32/v3.01/bin/bin/../../lib/gcc/pic32mx/8.3.1/../../../../pic32mx/lib\liblega-c.a(_doprnt_cdnopuxX.eo)
 .mdebug.abi32  0x00000000a0000134        0x0 c:/program files/microchip/xc32/v3.01/bin/bin/../../lib/gcc/pic32mx/8.3.1/../../../../pic32mx/lib\liblega-c.a(_doprnt_s.eo)
 .mdebug.abi32  0x00000000a0000134        0x0 c:/program files/microchip/xc32/v3.01/bin/bin/../../lib/gcc/pic32mx/8.3.1/../../../../pic32mx/lib\liblega-c.a(_iobdata.o)
 .mdebug.abi32  0x00000000a0000134        0x0 c:/program files/microchip/xc32/v3.01/bin/bin/../../lib/gcc/pic32mx/8.3.1/../../../../pic32mx/lib\liblega-c.a(_iobfuncs.o)
 .mdebug.abi32  0x00000000a0000134        0x0 c:/program files/microchip/xc32/v3.01/bin/bin/../../lib/gcc/pic32mx/8.3.1/../../../../pic32mx/lib\liblega-c.a(errno.o)
 .mdebug.abi32  0x00000000a0000134        0x0 c:/program files/microchip/xc32/v3.01/bin/bin/../../lib/gcc/pic32mx/8.3.1\libgcc.a(_udivdi3.o)
 .mdebug.abi32  0x00000000a0000134        0x0 c:/program files/microchip/xc32/v3.01/bin/bin/../../lib/gcc/pic32mx/8.3.1\libgcc.a(_umoddi3.o)
 .mdebug.abi32  0x00000000a0000134        0x0 c:/program files/microchip/xc32/v3.01/bin/bin/../../lib/gcc/pic32mx/8.3.1/../../../../pic32mx/lib\libpic32.a(_mon_write.o)

.mdebug.abiN32
 *(.mdebug.abiN32)

.mdebug.abi64
 *(.mdebug.abi64)

.mdebug.abiO64
 *(.mdebug.abiO64)

.mdebug.eabi32
 *(.mdebug.eabi32)

.mdebug.eabi64
 *(.mdebug.eabi64)

.gcc_compiled_long32
 *(.gcc_compiled_long32)

.gcc_compiled_long64
 *(.gcc_compiled_long64)

.stab
 *(.stab)

.stabstr
 *(.stabstr)

.stab.excl
 *(.stab.excl)

.stab.exclstr
 *(.stab.exclstr)

.stab.index
 *(.stab.index)

.stab.indexstr
 *(.stab.indexstr)

.comment        0x0000000000000000      0x2da
 *(.comment)
 .comment       0x0000000000000000       0x53 build/default/production/_ext/1975241074/AD.o
                                         0x54 (size before relaxing)
 .comment       0x0000000000000053       0x54 build/default/production/_ext/1975241074/BOARD.o
 .comment       0x0000000000000053       0x54 build/default/production/_ext/1975241074/serial.o
 .comment       0x0000000000000053       0x54 build/default/production/_ext/1975241074/ES_CheckEvents.o
 .comment       0x0000000000000053       0x54 build/default/production/_ext/1975241074/ES_Framework.o
 .comment       0x0000000000000053       0x54 build/default/production/_ext/1975241074/ES_KeyboardInput.o
 .comment       0x0000000000000053       0x54 build/default/production/_ext/1975241074/ES_PostList.o
 .comment       0x0000000000000053       0x54 build/default/production/_ext/1975241074/ES_Queue.o
 .comment       0x0000000000000053       0x54 build/default/production/_ext/1975241074/ES_TattleTale.o
 .comment       0x0000000000000053       0x54 build/default/production/_ext/1975241074/ES_Timers.o
 .comment       0x0000000000000053       0x54 build/default/production/_ext/1975241074/IO_Ports.o
 .comment       0x0000000000000053       0x54 build/default/production/_ext/1975241074/LED.o
 .comment       0x0000000000000053       0x54 build/default/production/_ext/1975241074/pwm.o
 .comment       0x0000000000000053       0x54 build/default/production/SimpleFunctionService.o
 .comment       0x0000000000000053       0x54 build/default/production/Beacon_Detector.o
 .comment       0x0000000000000053       0x54 build/default/production/Bumpers.o
 .comment       0x0000000000000053       0x54 build/default/production/Sense_EventChecker.o
 .comment       0x0000000000000053       0x54 build/default/production/Solenoid_Driver.o
 .comment       0x0000000000000053       0x54 build/default/production/Tape_Sensors.o
 .comment       0x0000000000000053       0x54 build/default/production/Track_Wire_Sensor.o
 .comment       0x0000000000000053       0x54 build/default/production/_ext/2062664799/EncoderService.o
 .comment       0x0000000000000053       0x54 build/default/production/_ext/2062664799/EncoderEventChecker.o
 .comment       0x0000000000000053       0x54 build/default/production/_ext/2062664799/Motor_Driver.o
 .comment       0x0000000000000053       0x54 build/default/production/TopHSM.o
 .comment       0x0000000000000053       0x54 build/default/production/Final_ES_Main.o
 .comment       0x0000000000000053       0x54 build/default/production/Bumpers_Gen_v1SubHSM.o
 .comment       0x0000000000000053       0x54 build/default/production/ActiveSearchSubHSM.o
 .comment       0x0000000000000053       0x54 build/default/production/FindTapeSubHSM.o
 .comment       0x0000000000000053       0x54 build/default/production/TowerScopeSubHSM.o
 .comment       0x0000000000000053       0x54 build/default/production/TowerSubHSM.o
 .comment       0x0000000000000053       0x54 build/default/production/TowerApproachSubHSM.o
 .comment       0x0000000000000053       0x54 build/default/production/CircleTowerSubHSM.o
 .comment       0x0000000000000053       0x54 build/default/production/CorrectSideFoundSubHSM.o
 .comment       0x0000000000000053       0x54 build/default/production/DeadBotAvoidSubHSM.o
 .comment       0x0000000000000053       0x54 build/default/production/CorrectHoleFoundSubHSM.o
 .comment       0x0000000000000053       0x54 c:/program files/microchip/xc32/v3.01/bin/bin/../../lib/gcc/pic32mx/8.3.1\libgcc.a(floatunsisf.o)
 .comment       0x0000000000000053       0x54 c:/program files/microchip/xc32/v3.01/bin/bin/../../lib/gcc/pic32mx/8.3.1/../../../../pic32mx/lib\libpic32.a(default-bootstrap-exception-handler.o)
 .comment       0x0000000000000053       0x54 c:/program files/microchip/xc32/v3.01/bin/bin/../../lib/gcc/pic32mx/8.3.1/../../../../pic32mx/lib\libpic32.a(default-on-reset.o)
 .comment       0x0000000000000053       0x54 c:/program files/microchip/xc32/v3.01/bin/bin/../../lib/gcc/pic32mx/8.3.1/../../../../pic32mx/lib\libpic32.a(default-on-bootstrap.o)
 .comment       0x0000000000000053       0x54 c:/program files/microchip/xc32/v3.01/bin/bin/../../lib/gcc/pic32mx/8.3.1/../../../../pic32mx/lib\libpic32.a(default-general-exception-handler.o)
 .comment       0x0000000000000053       0x54 c:/program files/microchip/xc32/v3.01/bin/bin/../../lib/gcc/pic32mx/8.3.1/../../../../pic32mx/lib\libpic32.a(defaultinterrupt.o)
 .comment       0x0000000000000053       0x50 c:/program files/microchip/xc32/v3.01/bin/bin/../../lib/gcc/pic32mx/8.3.1/../../../../pic32mx/lib\liblega-c.a(fputc.o)
                                         0xa4 (size before relaxing)
 .comment       0x00000000000000a3       0x50 c:/program files/microchip/xc32/v3.01/bin/bin/../../lib/gcc/pic32mx/8.3.1/../../../../pic32mx/lib\liblega-c.a(fputs.o)
                                         0xa4 (size before relaxing)
 .comment       0x00000000000000f3       0x51 c:/program files/microchip/xc32/v3.01/bin/bin/../../lib/gcc/pic32mx/8.3.1/../../../../pic32mx/lib\liblega-c.a(printf_cdnopsuxX.eo)
                                         0xa5 (size before relaxing)
 .comment       0x0000000000000144       0xa5 c:/program files/microchip/xc32/v3.01/bin/bin/../../lib/gcc/pic32mx/8.3.1/../../../../pic32mx/lib\liblega-c.a(printf_cdnopuxX.eo)
 .comment       0x0000000000000144       0xa5 c:/program files/microchip/xc32/v3.01/bin/bin/../../lib/gcc/pic32mx/8.3.1/../../../../pic32mx/lib\liblega-c.a(printf_s.eo)
 .comment       0x0000000000000144       0x4f c:/program files/microchip/xc32/v3.01/bin/bin/../../lib/gcc/pic32mx/8.3.1/../../../../pic32mx/lib\liblega-c.a(strlen.o)
                                         0xa3 (size before relaxing)
 .comment       0x0000000000000193       0x52 c:/program files/microchip/xc32/v3.01/bin/bin/../../lib/gcc/pic32mx/8.3.1/../../../../pic32mx/lib\liblega-c.a(_doprnt_cdnopsuxX.eo)
                                         0xa6 (size before relaxing)
 .comment       0x00000000000001e5       0xa6 c:/program files/microchip/xc32/v3.01/bin/bin/../../lib/gcc/pic32mx/8.3.1/../../../../pic32mx/lib\liblega-c.a(_doprnt_cdnopuxX.eo)
 .comment       0x00000000000001e5       0xa6 c:/program files/microchip/xc32/v3.01/bin/bin/../../lib/gcc/pic32mx/8.3.1/../../../../pic32mx/lib\liblega-c.a(_doprnt_s.eo)
 .comment       0x00000000000001e5       0x53 c:/program files/microchip/xc32/v3.01/bin/bin/../../lib/gcc/pic32mx/8.3.1/../../../../pic32mx/lib\liblega-c.a(_iobdata.o)
                                         0xa7 (size before relaxing)
 .comment       0x0000000000000238       0x54 c:/program files/microchip/xc32/v3.01/bin/bin/../../lib/gcc/pic32mx/8.3.1/../../../../pic32mx/lib\liblega-c.a(_iobfuncs.o)
                                         0xa8 (size before relaxing)
 .comment       0x000000000000028c       0x4e c:/program files/microchip/xc32/v3.01/bin/bin/../../lib/gcc/pic32mx/8.3.1/../../../../pic32mx/lib\liblega-c.a(errno.o)
                                         0xa2 (size before relaxing)
 .comment       0x00000000000002da       0x54 c:/program files/microchip/xc32/v3.01/bin/bin/../../lib/gcc/pic32mx/8.3.1\libgcc.a(_udivdi3.o)
 .comment       0x00000000000002da       0x54 c:/program files/microchip/xc32/v3.01/bin/bin/../../lib/gcc/pic32mx/8.3.1\libgcc.a(_umoddi3.o)
 .comment       0x00000000000002da       0x54 c:/program files/microchip/xc32/v3.01/bin/bin/../../lib/gcc/pic32mx/8.3.1/../../../../pic32mx/lib\libpic32.a(_mon_write.o)

.debug
 *(.debug)

.line
 *(.line)

.debug_srcinfo
 *(.debug_srcinfo)

.debug_sfnames
 *(.debug_sfnames)

.debug_aranges  0x0000000000000000      0x578
 *(.debug_aranges)
 .debug_aranges
                0x0000000000000000       0x20 build/default/production/_ext/1975241074/AD.o
 .debug_aranges
                0x0000000000000020       0x20 build/default/production/_ext/1975241074/BOARD.o
 .debug_aranges
                0x0000000000000040       0x20 build/default/production/_ext/1975241074/serial.o
 .debug_aranges
                0x0000000000000060       0x20 build/default/production/_ext/1975241074/ES_CheckEvents.o
 .debug_aranges
                0x0000000000000080       0x20 build/default/production/_ext/1975241074/ES_Framework.o
 .debug_aranges
                0x00000000000000a0       0x20 build/default/production/_ext/1975241074/ES_KeyboardInput.o
 .debug_aranges
                0x00000000000000c0       0x18 build/default/production/_ext/1975241074/ES_PostList.o
 .debug_aranges
                0x00000000000000d8       0x20 build/default/production/_ext/1975241074/ES_Queue.o
 .debug_aranges
                0x00000000000000f8       0x20 build/default/production/_ext/1975241074/ES_TattleTale.o
 .debug_aranges
                0x0000000000000118       0x20 build/default/production/_ext/1975241074/ES_Timers.o
 .debug_aranges
                0x0000000000000138       0x20 build/default/production/_ext/1975241074/IO_Ports.o
 .debug_aranges
                0x0000000000000158       0x20 build/default/production/_ext/1975241074/LED.o
 .debug_aranges
                0x0000000000000178       0x20 build/default/production/_ext/1975241074/pwm.o
 .debug_aranges
                0x0000000000000198       0x20 build/default/production/SimpleFunctionService.o
 .debug_aranges
                0x00000000000001b8       0x20 build/default/production/Beacon_Detector.o
 .debug_aranges
                0x00000000000001d8       0x20 build/default/production/Bumpers.o
 .debug_aranges
                0x00000000000001f8       0x20 build/default/production/Sense_EventChecker.o
 .debug_aranges
                0x0000000000000218       0x20 build/default/production/Solenoid_Driver.o
 .debug_aranges
                0x0000000000000238       0x20 build/default/production/Tape_Sensors.o
 .debug_aranges
                0x0000000000000258       0x20 build/default/production/Track_Wire_Sensor.o
 .debug_aranges
                0x0000000000000278       0x20 build/default/production/_ext/2062664799/EncoderService.o
 .debug_aranges
                0x0000000000000298       0x20 build/default/production/_ext/2062664799/EncoderEventChecker.o
 .debug_aranges
                0x00000000000002b8       0x20 build/default/production/_ext/2062664799/Motor_Driver.o
 .debug_aranges
                0x00000000000002d8       0x20 build/default/production/TopHSM.o
 .debug_aranges
                0x00000000000002f8       0x20 build/default/production/Final_ES_Main.o
 .debug_aranges
                0x0000000000000318       0x20 build/default/production/Bumpers_Gen_v1SubHSM.o
 .debug_aranges
                0x0000000000000338       0x20 build/default/production/ActiveSearchSubHSM.o
 .debug_aranges
                0x0000000000000358       0x20 build/default/production/FindTapeSubHSM.o
 .debug_aranges
                0x0000000000000378       0x20 build/default/production/TowerScopeSubHSM.o
 .debug_aranges
                0x0000000000000398       0x20 build/default/production/TowerSubHSM.o
 .debug_aranges
                0x00000000000003b8       0x20 build/default/production/TowerApproachSubHSM.o
 .debug_aranges
                0x00000000000003d8       0x20 build/default/production/CircleTowerSubHSM.o
 .debug_aranges
                0x00000000000003f8       0x20 build/default/production/CorrectSideFoundSubHSM.o
 .debug_aranges
                0x0000000000000418       0x20 build/default/production/DeadBotAvoidSubHSM.o
 .debug_aranges
                0x0000000000000438       0x20 build/default/production/CorrectHoleFoundSubHSM.o
 .debug_aranges
                0x0000000000000458       0x20 c:/program files/microchip/xc32/v3.01/bin/bin/../../lib/gcc/pic32mx/8.3.1\libgcc.a(floatunsisf.o)
 .debug_aranges
                0x0000000000000478       0x20 c:/program files/microchip/xc32/v3.01/bin/bin/../../lib/gcc/pic32mx/8.3.1/../../../../pic32mx/lib\libpic32.a(default-bootstrap-exception-handler.o)
 .debug_aranges
                0x0000000000000498       0x20 c:/program files/microchip/xc32/v3.01/bin/bin/../../lib/gcc/pic32mx/8.3.1/../../../../pic32mx/lib\libpic32.a(default-on-reset.o)
 .debug_aranges
                0x00000000000004b8       0x20 c:/program files/microchip/xc32/v3.01/bin/bin/../../lib/gcc/pic32mx/8.3.1/../../../../pic32mx/lib\libpic32.a(default-on-bootstrap.o)
 .debug_aranges
                0x00000000000004d8       0x20 c:/program files/microchip/xc32/v3.01/bin/bin/../../lib/gcc/pic32mx/8.3.1/../../../../pic32mx/lib\libpic32.a(default-general-exception-handler.o)
 .debug_aranges
                0x00000000000004f8       0x20 c:/program files/microchip/xc32/v3.01/bin/bin/../../lib/gcc/pic32mx/8.3.1/../../../../pic32mx/lib\libpic32.a(defaultinterrupt.o)
 .debug_aranges
                0x0000000000000518       0x20 c:/program files/microchip/xc32/v3.01/bin/bin/../../lib/gcc/pic32mx/8.3.1\libgcc.a(_udivdi3.o)
 .debug_aranges
                0x0000000000000538       0x20 c:/program files/microchip/xc32/v3.01/bin/bin/../../lib/gcc/pic32mx/8.3.1\libgcc.a(_umoddi3.o)
 .debug_aranges
                0x0000000000000558       0x20 c:/program files/microchip/xc32/v3.01/bin/bin/../../lib/gcc/pic32mx/8.3.1/../../../../pic32mx/lib\libpic32.a(_mon_write.o)

.debug_pubnames
 *(.debug_pubnames)

.debug_info     0x0000000000000000   0x17353a
 *(.debug_info .gnu.linkonce.wi.*)
 .debug_info    0x0000000000000000     0xad73 build/default/production/_ext/1975241074/AD.o
 .debug_info    0x000000000000ad73     0xa730 build/default/production/_ext/1975241074/BOARD.o
 .debug_info    0x00000000000154a3     0xa931 build/default/production/_ext/1975241074/serial.o
 .debug_info    0x000000000001fdd4     0xaa4d build/default/production/_ext/1975241074/ES_CheckEvents.o
 .debug_info    0x000000000002a821     0xb022 build/default/production/_ext/1975241074/ES_Framework.o
 .debug_info    0x0000000000035843     0xad2f build/default/production/_ext/1975241074/ES_KeyboardInput.o
 .debug_info    0x0000000000040572     0xa9b6 build/default/production/_ext/1975241074/ES_PostList.o
 .debug_info    0x000000000004af28      0x4b5 build/default/production/_ext/1975241074/ES_Queue.o
 .debug_info    0x000000000004b3dd     0xae38 build/default/production/_ext/1975241074/ES_TattleTale.o
 .debug_info    0x0000000000056215     0xae6a build/default/production/_ext/1975241074/ES_Timers.o
 .debug_info    0x000000000006107f     0xad0f build/default/production/_ext/1975241074/IO_Ports.o
 .debug_info    0x000000000006bd8e     0xaab4 build/default/production/_ext/1975241074/LED.o
 .debug_info    0x0000000000076842     0xac42 build/default/production/_ext/1975241074/pwm.o
 .debug_info    0x0000000000081484     0xaf59 build/default/production/SimpleFunctionService.o
 .debug_info    0x000000000008c3dd     0xa9d4 build/default/production/Beacon_Detector.o
 .debug_info    0x0000000000096db1     0xa9fb build/default/production/Bumpers.o
 .debug_info    0x00000000000a17ac     0xb6b3 build/default/production/Sense_EventChecker.o
 .debug_info    0x00000000000ace5f     0xaad3 build/default/production/Solenoid_Driver.o
 .debug_info    0x00000000000b7932     0xaae3 build/default/production/Tape_Sensors.o
 .debug_info    0x00000000000c2415     0xa9b7 build/default/production/Track_Wire_Sensor.o
 .debug_info    0x00000000000ccdcc     0xb1bd build/default/production/_ext/2062664799/EncoderService.o
 .debug_info    0x00000000000d7f89     0xad54 build/default/production/_ext/2062664799/EncoderEventChecker.o
 .debug_info    0x00000000000e2cdd     0xb669 build/default/production/_ext/2062664799/Motor_Driver.o
 .debug_info    0x00000000000ee346     0xaf83 build/default/production/TopHSM.o
 .debug_info    0x00000000000f92c9     0xaba5 build/default/production/Final_ES_Main.o
 .debug_info    0x0000000000103e6e     0xae00 build/default/production/Bumpers_Gen_v1SubHSM.o
 .debug_info    0x000000000010ec6e     0xb586 build/default/production/ActiveSearchSubHSM.o
 .debug_info    0x000000000011a1f4     0xb341 build/default/production/FindTapeSubHSM.o
 .debug_info    0x0000000000125535     0xb04c build/default/production/TowerScopeSubHSM.o
 .debug_info    0x0000000000130581     0xb00e build/default/production/TowerSubHSM.o
 .debug_info    0x000000000013b58f     0xaf9a build/default/production/TowerApproachSubHSM.o
 .debug_info    0x0000000000146529     0xaf20 build/default/production/CircleTowerSubHSM.o
 .debug_info    0x0000000000151449     0xb012 build/default/production/CorrectSideFoundSubHSM.o
 .debug_info    0x000000000015c45b     0xae4f build/default/production/DeadBotAvoidSubHSM.o
 .debug_info    0x00000000001672aa     0xaf39 build/default/production/CorrectHoleFoundSubHSM.o
 .debug_info    0x00000000001721e3       0x9d c:/program files/microchip/xc32/v3.01/bin/bin/../../lib/gcc/pic32mx/8.3.1\libgcc.a(floatunsisf.o)
 .debug_info    0x0000000000172280       0x41 c:/program files/microchip/xc32/v3.01/bin/bin/../../lib/gcc/pic32mx/8.3.1/../../../../pic32mx/lib\libpic32.a(default-bootstrap-exception-handler.o)
 .debug_info    0x00000000001722c1       0x3f c:/program files/microchip/xc32/v3.01/bin/bin/../../lib/gcc/pic32mx/8.3.1/../../../../pic32mx/lib\libpic32.a(default-on-reset.o)
 .debug_info    0x0000000000172300       0x3f c:/program files/microchip/xc32/v3.01/bin/bin/../../lib/gcc/pic32mx/8.3.1/../../../../pic32mx/lib\libpic32.a(default-on-bootstrap.o)
 .debug_info    0x000000000017233f       0x41 c:/program files/microchip/xc32/v3.01/bin/bin/../../lib/gcc/pic32mx/8.3.1/../../../../pic32mx/lib\libpic32.a(default-general-exception-handler.o)
 .debug_info    0x0000000000172380       0x40 c:/program files/microchip/xc32/v3.01/bin/bin/../../lib/gcc/pic32mx/8.3.1/../../../../pic32mx/lib\libpic32.a(defaultinterrupt.o)
 .debug_info    0x00000000001723c0      0x85c c:/program files/microchip/xc32/v3.01/bin/bin/../../lib/gcc/pic32mx/8.3.1\libgcc.a(_udivdi3.o)
 .debug_info    0x0000000000172c1c      0x8d4 c:/program files/microchip/xc32/v3.01/bin/bin/../../lib/gcc/pic32mx/8.3.1\libgcc.a(_umoddi3.o)
 .debug_info    0x00000000001734f0       0x4a c:/program files/microchip/xc32/v3.01/bin/bin/../../lib/gcc/pic32mx/8.3.1/../../../../pic32mx/lib\libpic32.a(_mon_write.o)

.debug_abbrev   0x0000000000000000     0x65b3
 *(.debug_abbrev)
 .debug_abbrev  0x0000000000000000      0x375 build/default/production/_ext/1975241074/AD.o
 .debug_abbrev  0x0000000000000375      0x1f9 build/default/production/_ext/1975241074/BOARD.o
 .debug_abbrev  0x000000000000056e      0x296 build/default/production/_ext/1975241074/serial.o
 .debug_abbrev  0x0000000000000804      0x26e build/default/production/_ext/1975241074/ES_CheckEvents.o
 .debug_abbrev  0x0000000000000a72      0x367 build/default/production/_ext/1975241074/ES_Framework.o
 .debug_abbrev  0x0000000000000dd9      0x2d5 build/default/production/_ext/1975241074/ES_KeyboardInput.o
 .debug_abbrev  0x00000000000010ae      0x202 build/default/production/_ext/1975241074/ES_PostList.o
 .debug_abbrev  0x00000000000012b0      0x152 build/default/production/_ext/1975241074/ES_Queue.o
 .debug_abbrev  0x0000000000001402      0x2e3 build/default/production/_ext/1975241074/ES_TattleTale.o
 .debug_abbrev  0x00000000000016e5      0x329 build/default/production/_ext/1975241074/ES_Timers.o
 .debug_abbrev  0x0000000000001a0e      0x283 build/default/production/_ext/1975241074/IO_Ports.o
 .debug_abbrev  0x0000000000001c91      0x2bc build/default/production/_ext/1975241074/LED.o
 .debug_abbrev  0x0000000000001f4d      0x2f0 build/default/production/_ext/1975241074/pwm.o
 .debug_abbrev  0x000000000000223d      0x2fc build/default/production/SimpleFunctionService.o
 .debug_abbrev  0x0000000000002539      0x26d build/default/production/Beacon_Detector.o
 .debug_abbrev  0x00000000000027a6      0x245 build/default/production/Bumpers.o
 .debug_abbrev  0x00000000000029eb      0x34b build/default/production/Sense_EventChecker.o
 .debug_abbrev  0x0000000000002d36      0x2c6 build/default/production/Solenoid_Driver.o
 .debug_abbrev  0x0000000000002ffc      0x2c2 build/default/production/Tape_Sensors.o
 .debug_abbrev  0x00000000000032be      0x256 build/default/production/Track_Wire_Sensor.o
 .debug_abbrev  0x0000000000003514      0x2e2 build/default/production/_ext/2062664799/EncoderService.o
 .debug_abbrev  0x00000000000037f6      0x299 build/default/production/_ext/2062664799/EncoderEventChecker.o
 .debug_abbrev  0x0000000000003a8f      0x362 build/default/production/_ext/2062664799/Motor_Driver.o
 .debug_abbrev  0x0000000000003df1      0x2ef build/default/production/TopHSM.o
 .debug_abbrev  0x00000000000040e0      0x2a7 build/default/production/Final_ES_Main.o
 .debug_abbrev  0x0000000000004387      0x2de build/default/production/Bumpers_Gen_v1SubHSM.o
 .debug_abbrev  0x0000000000004665      0x2ef build/default/production/ActiveSearchSubHSM.o
 .debug_abbrev  0x0000000000004954      0x2d3 build/default/production/FindTapeSubHSM.o
 .debug_abbrev  0x0000000000004c27      0x2de build/default/production/TowerScopeSubHSM.o
 .debug_abbrev  0x0000000000004f05      0x2de build/default/production/TowerSubHSM.o
 .debug_abbrev  0x00000000000051e3      0x2de build/default/production/TowerApproachSubHSM.o
 .debug_abbrev  0x00000000000054c1      0x2de build/default/production/CircleTowerSubHSM.o
 .debug_abbrev  0x000000000000579f      0x2ef build/default/production/CorrectSideFoundSubHSM.o
 .debug_abbrev  0x0000000000005a8e      0x2de build/default/production/DeadBotAvoidSubHSM.o
 .debug_abbrev  0x0000000000005d6c      0x2de build/default/production/CorrectHoleFoundSubHSM.o
 .debug_abbrev  0x000000000000604a       0x7d c:/program files/microchip/xc32/v3.01/bin/bin/../../lib/gcc/pic32mx/8.3.1\libgcc.a(floatunsisf.o)
 .debug_abbrev  0x00000000000060c7       0x31 c:/program files/microchip/xc32/v3.01/bin/bin/../../lib/gcc/pic32mx/8.3.1/../../../../pic32mx/lib\libpic32.a(default-bootstrap-exception-handler.o)
 .debug_abbrev  0x00000000000060f8       0x2e c:/program files/microchip/xc32/v3.01/bin/bin/../../lib/gcc/pic32mx/8.3.1/../../../../pic32mx/lib\libpic32.a(default-on-reset.o)
 .debug_abbrev  0x0000000000006126       0x2e c:/program files/microchip/xc32/v3.01/bin/bin/../../lib/gcc/pic32mx/8.3.1/../../../../pic32mx/lib\libpic32.a(default-on-bootstrap.o)
 .debug_abbrev  0x0000000000006154       0x31 c:/program files/microchip/xc32/v3.01/bin/bin/../../lib/gcc/pic32mx/8.3.1/../../../../pic32mx/lib\libpic32.a(default-general-exception-handler.o)
 .debug_abbrev  0x0000000000006185       0x31 c:/program files/microchip/xc32/v3.01/bin/bin/../../lib/gcc/pic32mx/8.3.1/../../../../pic32mx/lib\libpic32.a(defaultinterrupt.o)
 .debug_abbrev  0x00000000000061b6      0x1d8 c:/program files/microchip/xc32/v3.01/bin/bin/../../lib/gcc/pic32mx/8.3.1\libgcc.a(_udivdi3.o)
 .debug_abbrev  0x000000000000638e      0x1ee c:/program files/microchip/xc32/v3.01/bin/bin/../../lib/gcc/pic32mx/8.3.1\libgcc.a(_umoddi3.o)
 .debug_abbrev  0x000000000000657c       0x37 c:/program files/microchip/xc32/v3.01/bin/bin/../../lib/gcc/pic32mx/8.3.1/../../../../pic32mx/lib\libpic32.a(_mon_write.o)

.debug_line     0x0000000000000000     0xbbb0
 *(.debug_line)
 .debug_line    0x0000000000000000      0x651 build/default/production/_ext/1975241074/AD.o
 .debug_line    0x0000000000000651      0x218 build/default/production/_ext/1975241074/BOARD.o
 .debug_line    0x0000000000000869      0x416 build/default/production/_ext/1975241074/serial.o
 .debug_line    0x0000000000000c7f      0x2bb build/default/production/_ext/1975241074/ES_CheckEvents.o
 .debug_line    0x0000000000000f3a      0x413 build/default/production/_ext/1975241074/ES_Framework.o
 .debug_line    0x000000000000134d      0x2e0 build/default/production/_ext/1975241074/ES_KeyboardInput.o
 .debug_line    0x000000000000162d      0x232 build/default/production/_ext/1975241074/ES_PostList.o
 .debug_line    0x000000000000185f      0x238 build/default/production/_ext/1975241074/ES_Queue.o
 .debug_line    0x0000000000001a97      0x3c1 build/default/production/_ext/1975241074/ES_TattleTale.o
 .debug_line    0x0000000000001e58      0x463 build/default/production/_ext/1975241074/ES_Timers.o
 .debug_line    0x00000000000022bb      0x516 build/default/production/_ext/1975241074/IO_Ports.o
 .debug_line    0x00000000000027d1      0x938 build/default/production/_ext/1975241074/LED.o
 .debug_line    0x0000000000003109      0x544 build/default/production/_ext/1975241074/pwm.o
 .debug_line    0x000000000000364d      0x422 build/default/production/SimpleFunctionService.o
 .debug_line    0x0000000000003a6f      0x25c build/default/production/Beacon_Detector.o
 .debug_line    0x0000000000003ccb      0x293 build/default/production/Bumpers.o
 .debug_line    0x0000000000003f5e      0x8e2 build/default/production/Sense_EventChecker.o
 .debug_line    0x0000000000004840      0x2cc build/default/production/Solenoid_Driver.o
 .debug_line    0x0000000000004b0c      0x28f build/default/production/Tape_Sensors.o
 .debug_line    0x0000000000004d9b      0x258 build/default/production/Track_Wire_Sensor.o
 .debug_line    0x0000000000004ff3      0xe38 build/default/production/_ext/2062664799/EncoderService.o
 .debug_line    0x0000000000005e2b      0x374 build/default/production/_ext/2062664799/EncoderEventChecker.o
 .debug_line    0x000000000000619f      0x792 build/default/production/_ext/2062664799/Motor_Driver.o
 .debug_line    0x0000000000006931      0x4e4 build/default/production/TopHSM.o
 .debug_line    0x0000000000006e15      0x35e build/default/production/Final_ES_Main.o
 .debug_line    0x0000000000007173      0x3a3 build/default/production/Bumpers_Gen_v1SubHSM.o
 .debug_line    0x0000000000007516      0x8f3 build/default/production/ActiveSearchSubHSM.o
 .debug_line    0x0000000000007e09      0x6d4 build/default/production/FindTapeSubHSM.o
 .debug_line    0x00000000000084dd      0x5e2 build/default/production/TowerScopeSubHSM.o
 .debug_line    0x0000000000008abf      0x5f5 build/default/production/TowerSubHSM.o
 .debug_line    0x00000000000090b4      0x48a build/default/production/TowerApproachSubHSM.o
 .debug_line    0x000000000000953e      0x4ae build/default/production/CircleTowerSubHSM.o
 .debug_line    0x00000000000099ec      0x74a build/default/production/CorrectSideFoundSubHSM.o
 .debug_line    0x000000000000a136      0x5be build/default/production/DeadBotAvoidSubHSM.o
 .debug_line    0x000000000000a6f4      0x63e build/default/production/CorrectHoleFoundSubHSM.o
 .debug_line    0x000000000000ad32       0xba c:/program files/microchip/xc32/v3.01/bin/bin/../../lib/gcc/pic32mx/8.3.1\libgcc.a(floatunsisf.o)
 .debug_line    0x000000000000adec       0xca c:/program files/microchip/xc32/v3.01/bin/bin/../../lib/gcc/pic32mx/8.3.1/../../../../pic32mx/lib\libpic32.a(default-bootstrap-exception-handler.o)
 .debug_line    0x000000000000aeb6       0xa6 c:/program files/microchip/xc32/v3.01/bin/bin/../../lib/gcc/pic32mx/8.3.1/../../../../pic32mx/lib\libpic32.a(default-on-reset.o)
 .debug_line    0x000000000000af5c       0xaa c:/program files/microchip/xc32/v3.01/bin/bin/../../lib/gcc/pic32mx/8.3.1/../../../../pic32mx/lib\libpic32.a(default-on-bootstrap.o)
 .debug_line    0x000000000000b006       0xc8 c:/program files/microchip/xc32/v3.01/bin/bin/../../lib/gcc/pic32mx/8.3.1/../../../../pic32mx/lib\libpic32.a(default-general-exception-handler.o)
 .debug_line    0x000000000000b0ce       0xc9 c:/program files/microchip/xc32/v3.01/bin/bin/../../lib/gcc/pic32mx/8.3.1/../../../../pic32mx/lib\libpic32.a(defaultinterrupt.o)
 .debug_line    0x000000000000b197      0x490 c:/program files/microchip/xc32/v3.01/bin/bin/../../lib/gcc/pic32mx/8.3.1\libgcc.a(_udivdi3.o)
 .debug_line    0x000000000000b627      0x4d9 c:/program files/microchip/xc32/v3.01/bin/bin/../../lib/gcc/pic32mx/8.3.1\libgcc.a(_umoddi3.o)
 .debug_line    0x000000000000bb00       0xb0 c:/program files/microchip/xc32/v3.01/bin/bin/../../lib/gcc/pic32mx/8.3.1/../../../../pic32mx/lib\libpic32.a(_mon_write.o)

.debug_frame    0x0000000000000000     0x13a0
 *(.debug_frame)
 .debug_frame   0x0000000000000000      0x128 build/default/production/_ext/1975241074/AD.o
 .debug_frame   0x0000000000000128       0x4c build/default/production/_ext/1975241074/BOARD.o
 .debug_frame   0x0000000000000174       0xf0 build/default/production/_ext/1975241074/serial.o
 .debug_frame   0x0000000000000264       0x34 build/default/production/_ext/1975241074/ES_CheckEvents.o
 .debug_frame   0x0000000000000298       0xa0 build/default/production/_ext/1975241074/ES_Framework.o
 .debug_frame   0x0000000000000338       0x68 build/default/production/_ext/1975241074/ES_KeyboardInput.o
 .debug_frame   0x00000000000003a0       0x50 build/default/production/_ext/1975241074/ES_Queue.o
 .debug_frame   0x00000000000003f0       0x64 build/default/production/_ext/1975241074/ES_TattleTale.o
 .debug_frame   0x0000000000000454      0x114 build/default/production/_ext/1975241074/ES_Timers.o
 .debug_frame   0x0000000000000568      0x154 build/default/production/_ext/1975241074/IO_Ports.o
 .debug_frame   0x00000000000006bc       0xb0 build/default/production/_ext/1975241074/LED.o
 .debug_frame   0x000000000000076c       0xbc build/default/production/_ext/1975241074/pwm.o
 .debug_frame   0x0000000000000828       0x6c build/default/production/SimpleFunctionService.o
 .debug_frame   0x0000000000000894       0x58 build/default/production/Beacon_Detector.o
 .debug_frame   0x00000000000008ec       0x70 build/default/production/Bumpers.o
 .debug_frame   0x000000000000095c      0x1b0 build/default/production/Sense_EventChecker.o
 .debug_frame   0x0000000000000b0c       0x64 build/default/production/Solenoid_Driver.o
 .debug_frame   0x0000000000000b70       0x94 build/default/production/Tape_Sensors.o
 .debug_frame   0x0000000000000c04       0x40 build/default/production/Track_Wire_Sensor.o
 .debug_frame   0x0000000000000c44       0x70 build/default/production/_ext/2062664799/EncoderService.o
 .debug_frame   0x0000000000000cb4       0x2c build/default/production/_ext/2062664799/EncoderEventChecker.o
 .debug_frame   0x0000000000000ce0      0x1a8 build/default/production/_ext/2062664799/Motor_Driver.o
 .debug_frame   0x0000000000000e88       0x68 build/default/production/TopHSM.o
 .debug_frame   0x0000000000000ef0       0x28 build/default/production/Final_ES_Main.o
 .debug_frame   0x0000000000000f18       0x4c build/default/production/Bumpers_Gen_v1SubHSM.o
 .debug_frame   0x0000000000000f64       0x5c build/default/production/ActiveSearchSubHSM.o
 .debug_frame   0x0000000000000fc0       0x50 build/default/production/FindTapeSubHSM.o
 .debug_frame   0x0000000000001010       0x50 build/default/production/TowerScopeSubHSM.o
 .debug_frame   0x0000000000001060       0x54 build/default/production/TowerSubHSM.o
 .debug_frame   0x00000000000010b4       0x50 build/default/production/TowerApproachSubHSM.o
 .debug_frame   0x0000000000001104       0x50 build/default/production/CircleTowerSubHSM.o
 .debug_frame   0x0000000000001154       0x50 build/default/production/CorrectSideFoundSubHSM.o
 .debug_frame   0x00000000000011a4       0x50 build/default/production/DeadBotAvoidSubHSM.o
 .debug_frame   0x00000000000011f4       0x50 build/default/production/CorrectHoleFoundSubHSM.o
 .debug_frame   0x0000000000001244       0x2c c:/program files/microchip/xc32/v3.01/bin/bin/../../lib/gcc/pic32mx/8.3.1\libgcc.a(floatunsisf.o)
 .debug_frame   0x0000000000001270       0x2c c:/program files/microchip/xc32/v3.01/bin/bin/../../lib/gcc/pic32mx/8.3.1/../../../../pic32mx/lib\libpic32.a(default-bootstrap-exception-handler.o)
 .debug_frame   0x000000000000129c       0x20 c:/program files/microchip/xc32/v3.01/bin/bin/../../lib/gcc/pic32mx/8.3.1/../../../../pic32mx/lib\libpic32.a(default-on-reset.o)
 .debug_frame   0x00000000000012bc       0x20 c:/program files/microchip/xc32/v3.01/bin/bin/../../lib/gcc/pic32mx/8.3.1/../../../../pic32mx/lib\libpic32.a(default-on-bootstrap.o)
 .debug_frame   0x00000000000012dc       0x2c c:/program files/microchip/xc32/v3.01/bin/bin/../../lib/gcc/pic32mx/8.3.1/../../../../pic32mx/lib\libpic32.a(default-general-exception-handler.o)
 .debug_frame   0x0000000000001308       0x20 c:/program files/microchip/xc32/v3.01/bin/bin/../../lib/gcc/pic32mx/8.3.1/../../../../pic32mx/lib\libpic32.a(defaultinterrupt.o)
 .debug_frame   0x0000000000001328       0x20 c:/program files/microchip/xc32/v3.01/bin/bin/../../lib/gcc/pic32mx/8.3.1\libgcc.a(_udivdi3.o)
 .debug_frame   0x0000000000001348       0x20 c:/program files/microchip/xc32/v3.01/bin/bin/../../lib/gcc/pic32mx/8.3.1\libgcc.a(_umoddi3.o)
 .debug_frame   0x0000000000001368       0x38 c:/program files/microchip/xc32/v3.01/bin/bin/../../lib/gcc/pic32mx/8.3.1/../../../../pic32mx/lib\libpic32.a(_mon_write.o)

.debug_str      0x0000000000000000    0x85be6
 *(.debug_str)
 .debug_str     0x0000000000000000     0x3ac3 build/default/production/_ext/1975241074/AD.o
 .debug_str     0x0000000000003ac3     0x3801 build/default/production/_ext/1975241074/BOARD.o
 .debug_str     0x00000000000072c4     0x390c build/default/production/_ext/1975241074/serial.o
 .debug_str     0x000000000000abd0     0x398a build/default/production/_ext/1975241074/ES_CheckEvents.o
 .debug_str     0x000000000000e55a     0x40bd build/default/production/_ext/1975241074/ES_Framework.o
 .debug_str     0x0000000000012617     0x3f70 build/default/production/_ext/1975241074/ES_KeyboardInput.o
 .debug_str     0x0000000000016587     0x394c build/default/production/_ext/1975241074/ES_PostList.o
 .debug_str     0x0000000000019ed3      0x956 build/default/production/_ext/1975241074/ES_Queue.o
 .debug_str     0x000000000001a829     0x3fed build/default/production/_ext/1975241074/ES_TattleTale.o
 .debug_str     0x000000000001e816     0x4004 build/default/production/_ext/1975241074/ES_Timers.o
 .debug_str     0x000000000002281a     0x39c1 build/default/production/_ext/1975241074/IO_Ports.o
 .debug_str     0x00000000000261db     0x390f build/default/production/_ext/1975241074/LED.o
 .debug_str     0x0000000000029aea     0x3a4d build/default/production/_ext/1975241074/pwm.o
 .debug_str     0x000000000002d537     0x400e build/default/production/SimpleFunctionService.o
 .debug_str     0x0000000000031545     0x394c build/default/production/Beacon_Detector.o
 .debug_str     0x0000000000034e91     0x3967 build/default/production/Bumpers.o
 .debug_str     0x00000000000387f8     0x416a build/default/production/Sense_EventChecker.o
 .debug_str     0x000000000003c962     0x39a6 build/default/production/Solenoid_Driver.o
 .debug_str     0x0000000000040308     0x39af build/default/production/Tape_Sensors.o
 .debug_str     0x0000000000043cb7     0x394f build/default/production/Track_Wire_Sensor.o
 .debug_str     0x0000000000047606     0x4060 build/default/production/_ext/2062664799/EncoderService.o
 .debug_str     0x000000000004b666     0x3fc9 build/default/production/_ext/2062664799/EncoderEventChecker.o
 .debug_str     0x000000000004f62f     0x40da build/default/production/_ext/2062664799/Motor_Driver.o
 .debug_str     0x0000000000053709     0x40c5 build/default/production/TopHSM.o
 .debug_str     0x00000000000577ce     0x3a29 build/default/production/Final_ES_Main.o
 .debug_str     0x000000000005b1f7     0x4002 build/default/production/Bumpers_Gen_v1SubHSM.o
 .debug_str     0x000000000005f1f9     0x41b4 build/default/production/ActiveSearchSubHSM.o
 .debug_str     0x00000000000633ad     0x407b build/default/production/FindTapeSubHSM.o
 .debug_str     0x0000000000067428     0x410d build/default/production/TowerScopeSubHSM.o
 .debug_str     0x000000000006b535     0x4135 build/default/production/TowerSubHSM.o
 .debug_str     0x000000000006f66a     0x40be build/default/production/TowerApproachSubHSM.o
 .debug_str     0x0000000000073728     0x4067 build/default/production/CircleTowerSubHSM.o
 .debug_str     0x000000000007778f     0x40dd build/default/production/CorrectSideFoundSubHSM.o
 .debug_str     0x000000000007b86c     0x40a2 build/default/production/DeadBotAvoidSubHSM.o
 .debug_str     0x000000000007f90e     0x4043 build/default/production/CorrectHoleFoundSubHSM.o
 .debug_str     0x0000000000083951      0x31c c:/program files/microchip/xc32/v3.01/bin/bin/../../lib/gcc/pic32mx/8.3.1\libgcc.a(floatunsisf.o)
 .debug_str     0x0000000000083c6d      0x3b3 c:/program files/microchip/xc32/v3.01/bin/bin/../../lib/gcc/pic32mx/8.3.1/../../../../pic32mx/lib\libpic32.a(default-bootstrap-exception-handler.o)
 .debug_str     0x0000000000084020      0x38d c:/program files/microchip/xc32/v3.01/bin/bin/../../lib/gcc/pic32mx/8.3.1/../../../../pic32mx/lib\libpic32.a(default-on-reset.o)
 .debug_str     0x00000000000843ad      0x395 c:/program files/microchip/xc32/v3.01/bin/bin/../../lib/gcc/pic32mx/8.3.1/../../../../pic32mx/lib\libpic32.a(default-on-bootstrap.o)
 .debug_str     0x0000000000084742      0x3af c:/program files/microchip/xc32/v3.01/bin/bin/../../lib/gcc/pic32mx/8.3.1/../../../../pic32mx/lib\libpic32.a(default-general-exception-handler.o)
 .debug_str     0x0000000000084af1      0x3a7 c:/program files/microchip/xc32/v3.01/bin/bin/../../lib/gcc/pic32mx/8.3.1/../../../../pic32mx/lib\libpic32.a(defaultinterrupt.o)
 .debug_str     0x0000000000084e98      0x4e3 c:/program files/microchip/xc32/v3.01/bin/bin/../../lib/gcc/pic32mx/8.3.1\libgcc.a(_udivdi3.o)
 .debug_str     0x000000000008537b      0x4e3 c:/program files/microchip/xc32/v3.01/bin/bin/../../lib/gcc/pic32mx/8.3.1\libgcc.a(_umoddi3.o)
 .debug_str     0x000000000008585e      0x388 c:/program files/microchip/xc32/v3.01/bin/bin/../../lib/gcc/pic32mx/8.3.1/../../../../pic32mx/lib\libpic32.a(_mon_write.o)

.debug_loc      0x0000000000000000     0x9ee5
 *(.debug_loc)
 .debug_loc     0x0000000000000000      0x1c3 build/default/production/_ext/1975241074/AD.o
 .debug_loc     0x00000000000001c3       0x2b build/default/production/_ext/1975241074/BOARD.o
 .debug_loc     0x00000000000001ee      0x116 build/default/production/_ext/1975241074/serial.o
 .debug_loc     0x0000000000000304       0x30 build/default/production/_ext/1975241074/ES_CheckEvents.o
 .debug_loc     0x0000000000000334      0x16a build/default/production/_ext/1975241074/ES_Framework.o
 .debug_loc     0x000000000000049e       0x25 build/default/production/_ext/1975241074/ES_KeyboardInput.o
 .debug_loc     0x00000000000004c3       0xa8 build/default/production/_ext/1975241074/ES_Queue.o
 .debug_loc     0x000000000000056b       0xc2 build/default/production/_ext/1975241074/ES_TattleTale.o
 .debug_loc     0x000000000000062d      0x142 build/default/production/_ext/1975241074/ES_Timers.o
 .debug_loc     0x000000000000076f      0x38f build/default/production/_ext/1975241074/IO_Ports.o
 .debug_loc     0x0000000000000afe      0xa03 build/default/production/_ext/1975241074/LED.o
 .debug_loc     0x0000000000001501      0x2a6 build/default/production/_ext/1975241074/pwm.o
 .debug_loc     0x00000000000017a7      0x1c5 build/default/production/SimpleFunctionService.o
 .debug_loc     0x000000000000196c       0x1a build/default/production/Bumpers.o
 .debug_loc     0x0000000000001986      0x95f build/default/production/Sense_EventChecker.o
 .debug_loc     0x00000000000022e5       0x4a build/default/production/Tape_Sensors.o
 .debug_loc     0x000000000000232f       0x1a build/default/production/Track_Wire_Sensor.o
 .debug_loc     0x0000000000002349      0x453 build/default/production/_ext/2062664799/EncoderService.o
 .debug_loc     0x000000000000279c      0x1b7 build/default/production/_ext/2062664799/EncoderEventChecker.o
 .debug_loc     0x0000000000002953     0x1347 build/default/production/_ext/2062664799/Motor_Driver.o
 .debug_loc     0x0000000000003c9a      0x2e7 build/default/production/TopHSM.o
 .debug_loc     0x0000000000003f81       0x3c build/default/production/Final_ES_Main.o
 .debug_loc     0x0000000000003fbd      0x1b2 build/default/production/Bumpers_Gen_v1SubHSM.o
 .debug_loc     0x000000000000416f     0x10d5 build/default/production/ActiveSearchSubHSM.o
 .debug_loc     0x0000000000005244      0x9b0 build/default/production/FindTapeSubHSM.o
 .debug_loc     0x0000000000005bf4      0x492 build/default/production/TowerScopeSubHSM.o
 .debug_loc     0x0000000000006086      0x742 build/default/production/TowerSubHSM.o
 .debug_loc     0x00000000000067c8      0x346 build/default/production/TowerApproachSubHSM.o
 .debug_loc     0x0000000000006b0e      0x1df build/default/production/CircleTowerSubHSM.o
 .debug_loc     0x0000000000006ced      0xafa build/default/production/CorrectSideFoundSubHSM.o
 .debug_loc     0x00000000000077e7      0x76c build/default/production/DeadBotAvoidSubHSM.o
 .debug_loc     0x0000000000007f53      0x9c6 build/default/production/CorrectHoleFoundSubHSM.o
 .debug_loc     0x0000000000008919       0x84 c:/program files/microchip/xc32/v3.01/bin/bin/../../lib/gcc/pic32mx/8.3.1\libgcc.a(floatunsisf.o)
 .debug_loc     0x000000000000899d       0x2c c:/program files/microchip/xc32/v3.01/bin/bin/../../lib/gcc/pic32mx/8.3.1/../../../../pic32mx/lib\libpic32.a(default-bootstrap-exception-handler.o)
 .debug_loc     0x00000000000089c9       0x2c c:/program files/microchip/xc32/v3.01/bin/bin/../../lib/gcc/pic32mx/8.3.1/../../../../pic32mx/lib\libpic32.a(default-general-exception-handler.o)
 .debug_loc     0x00000000000089f5      0xb5b c:/program files/microchip/xc32/v3.01/bin/bin/../../lib/gcc/pic32mx/8.3.1\libgcc.a(_udivdi3.o)
 .debug_loc     0x0000000000009550      0x969 c:/program files/microchip/xc32/v3.01/bin/bin/../../lib/gcc/pic32mx/8.3.1\libgcc.a(_umoddi3.o)
 .debug_loc     0x0000000000009eb9       0x2c c:/program files/microchip/xc32/v3.01/bin/bin/../../lib/gcc/pic32mx/8.3.1/../../../../pic32mx/lib\libpic32.a(_mon_write.o)

.debug_macinfo
 *(.debug_macinfo)

.debug_weaknames
 *(.debug_weaknames)

.debug_funcnames
 *(.debug_funcnames)

.debug_typenames
 *(.debug_typenames)

.debug_varnames
 *(.debug_varnames)

.debug_pubtypes
 *(.debug_pubtypes)

.debug_ranges   0x0000000000000000      0x1d0
 *(.debug_ranges)
 .debug_ranges  0x0000000000000000       0x10 c:/program files/microchip/xc32/v3.01/bin/bin/../../lib/gcc/pic32mx/8.3.1/../../../../pic32mx/lib\libpic32.a(default-bootstrap-exception-handler.o)
 .debug_ranges  0x0000000000000010       0x10 c:/program files/microchip/xc32/v3.01/bin/bin/../../lib/gcc/pic32mx/8.3.1/../../../../pic32mx/lib\libpic32.a(default-on-reset.o)
 .debug_ranges  0x0000000000000020       0x10 c:/program files/microchip/xc32/v3.01/bin/bin/../../lib/gcc/pic32mx/8.3.1/../../../../pic32mx/lib\libpic32.a(default-on-bootstrap.o)
 .debug_ranges  0x0000000000000030       0x10 c:/program files/microchip/xc32/v3.01/bin/bin/../../lib/gcc/pic32mx/8.3.1/../../../../pic32mx/lib\libpic32.a(default-general-exception-handler.o)
 .debug_ranges  0x0000000000000040       0x10 c:/program files/microchip/xc32/v3.01/bin/bin/../../lib/gcc/pic32mx/8.3.1/../../../../pic32mx/lib\libpic32.a(defaultinterrupt.o)
 .debug_ranges  0x0000000000000050       0xd0 c:/program files/microchip/xc32/v3.01/bin/bin/../../lib/gcc/pic32mx/8.3.1\libgcc.a(_udivdi3.o)
 .debug_ranges  0x0000000000000120       0xa0 c:/program files/microchip/xc32/v3.01/bin/bin/../../lib/gcc/pic32mx/8.3.1\libgcc.a(_umoddi3.o)
 .debug_ranges  0x00000000000001c0       0x10 c:/program files/microchip/xc32/v3.01/bin/bin/../../lib/gcc/pic32mx/8.3.1/../../../../pic32mx/lib\libpic32.a(_mon_write.o)

.gnu.attributes
                0x0000000000000000       0x10
 *(.gnu.attributes)
 .gnu.attributes
                0x0000000000000000       0x10 c:/program files/microchip/xc32/v3.01/bin/bin/../../lib/gcc/pic32mx/8.3.1/../../../../pic32mx/lib\debug-exception-return.o
 .gnu.attributes
                0x0000000000000010       0x10 build/default/production/_ext/1975241074/AD.o
 .gnu.attributes
                0x0000000000000020       0x10 build/default/production/_ext/1975241074/BOARD.o
 .gnu.attributes
                0x0000000000000030       0x10 build/default/production/_ext/1975241074/serial.o
 .gnu.attributes
                0x0000000000000040       0x10 build/default/production/_ext/1975241074/ES_CheckEvents.o
 .gnu.attributes
                0x0000000000000050       0x10 build/default/production/_ext/1975241074/ES_Framework.o
 .gnu.attributes
                0x0000000000000060       0x10 build/default/production/_ext/1975241074/ES_KeyboardInput.o
 .gnu.attributes
                0x0000000000000070       0x10 build/default/production/_ext/1975241074/ES_PostList.o
 .gnu.attributes
                0x0000000000000080       0x10 build/default/production/_ext/1975241074/ES_Queue.o
 .gnu.attributes
                0x0000000000000090       0x10 build/default/production/_ext/1975241074/ES_TattleTale.o
 .gnu.attributes
                0x00000000000000a0       0x10 build/default/production/_ext/1975241074/ES_Timers.o
 .gnu.attributes
                0x00000000000000b0       0x10 build/default/production/_ext/1975241074/IO_Ports.o
 .gnu.attributes
                0x00000000000000c0       0x10 build/default/production/_ext/1975241074/LED.o
 .gnu.attributes
                0x00000000000000d0       0x10 build/default/production/_ext/1975241074/pwm.o
 .gnu.attributes
                0x00000000000000e0       0x10 build/default/production/SimpleFunctionService.o
 .gnu.attributes
                0x00000000000000f0       0x10 build/default/production/Beacon_Detector.o
 .gnu.attributes
                0x0000000000000100       0x10 build/default/production/Bumpers.o
 .gnu.attributes
                0x0000000000000110       0x10 build/default/production/Sense_EventChecker.o
 .gnu.attributes
                0x0000000000000120       0x10 build/default/production/Solenoid_Driver.o
 .gnu.attributes
                0x0000000000000130       0x10 build/default/production/Tape_Sensors.o
 .gnu.attributes
                0x0000000000000140       0x10 build/default/production/Track_Wire_Sensor.o
 .gnu.attributes
                0x0000000000000150       0x10 build/default/production/_ext/2062664799/EncoderService.o
 .gnu.attributes
                0x0000000000000160       0x10 build/default/production/_ext/2062664799/EncoderEventChecker.o
 .gnu.attributes
                0x0000000000000170       0x10 build/default/production/_ext/2062664799/Motor_Driver.o
 .gnu.attributes
                0x0000000000000180       0x10 build/default/production/TopHSM.o
 .gnu.attributes
                0x0000000000000190       0x10 build/default/production/Final_ES_Main.o
 .gnu.attributes
                0x00000000000001a0       0x10 build/default/production/Bumpers_Gen_v1SubHSM.o
 .gnu.attributes
                0x00000000000001b0       0x10 build/default/production/ActiveSearchSubHSM.o
 .gnu.attributes
                0x00000000000001c0       0x10 build/default/production/FindTapeSubHSM.o
 .gnu.attributes
                0x00000000000001d0       0x10 build/default/production/TowerScopeSubHSM.o
 .gnu.attributes
                0x00000000000001e0       0x10 build/default/production/TowerSubHSM.o
 .gnu.attributes
                0x00000000000001f0       0x10 build/default/production/TowerApproachSubHSM.o
 .gnu.attributes
                0x0000000000000200       0x10 build/default/production/CircleTowerSubHSM.o
 .gnu.attributes
                0x0000000000000210       0x10 build/default/production/CorrectSideFoundSubHSM.o